2025-07-14 15:19:49,465 - mark_checklist_complete - INFO - POST /mark_checklist_complete called by user_id=2
2025-07-14 15:19:49,471 - mark_checklist_complete - INFO - Checklist 172 found, current status: False
2025-07-14 15:19:49,484 - mark_checklist_complete - INFO - Checklist is linked to parent_task_id=107, task_type=TaskType.Normal
2025-07-14 15:19:49,498 - mark_checklist_complete - INFO - Checklist 172 marked as completed
2025-07-14 15:19:49,528 - mark_checklist_complete - INFO - Checklist status updated and committed successfully
2025-07-14 15:20:10,279 - mark_checklist_complete - INFO - POST /mark_checklist_complete called by user_id=2
2025-07-14 15:20:10,282 - mark_checklist_complete - INFO - Checklist 172 found, current status: True
2025-07-14 15:20:10,288 - mark_checklist_complete - INFO - Checklist is linked to parent_task_id=107, task_type=TaskType.Normal
2025-07-14 15:20:10,292 - mark_checklist_complete - INFO - Checklist 172 marked as incomplete
2025-07-14 15:20:10,322 - mark_checklist_complete - INFO - Checklist status updated and committed successfully
2025-07-14 15:21:33,463 - mark_checklist_complete - INFO - POST /mark_checklist_complete called by user_id=2
2025-07-14 15:21:33,474 - mark_checklist_complete - INFO - Checklist 172 found, current status: False
2025-07-14 15:21:33,506 - mark_checklist_complete - INFO - Checklist is linked to parent_task_id=107, task_type=TaskType.Normal
2025-07-14 15:21:33,530 - mark_checklist_complete - INFO - Checklist 172 marked as completed
2025-07-14 15:21:33,597 - mark_checklist_complete - INFO - Checklist status updated and committed successfully
2025-07-14 15:22:20,186 - mark_checklist_complete - INFO - POST /mark_checklist_complete called by user_id=2
2025-07-14 15:22:20,199 - mark_checklist_complete - INFO - Checklist 172 found, current status: True
2025-07-14 15:22:20,231 - mark_checklist_complete - INFO - Checklist is linked to parent_task_id=107, task_type=TaskType.Normal
2025-07-14 15:22:20,254 - mark_checklist_complete - INFO - Checklist 172 marked as incomplete
2025-07-14 15:22:20,386 - mark_checklist_complete - INFO - Checklist status updated and committed successfully
2025-07-14 15:22:29,139 - mark_checklist_complete - INFO - POST /mark_checklist_complete called by user_id=2
2025-07-14 15:22:29,148 - mark_checklist_complete - INFO - Checklist 172 found, current status: False
2025-07-14 15:22:29,182 - mark_checklist_complete - INFO - Checklist is linked to parent_task_id=107, task_type=TaskType.Normal
2025-07-14 15:22:29,208 - mark_checklist_complete - INFO - Checklist 172 marked as completed
2025-07-14 15:22:29,317 - mark_checklist_complete - INFO - Checklist status updated and committed successfully
2025-07-14 15:23:00,550 - mark_checklist_complete - INFO - POST /mark_checklist_complete called by user_id=2
2025-07-14 15:23:00,558 - mark_checklist_complete - INFO - Checklist 172 found, current status: True
2025-07-14 15:23:00,581 - mark_checklist_complete - INFO - Checklist is linked to parent_task_id=107, task_type=TaskType.Normal
2025-07-14 15:23:00,598 - mark_checklist_complete - INFO - Checklist 172 marked as incomplete
2025-07-14 15:23:00,699 - mark_checklist_complete - INFO - Checklist status updated and committed successfully
2025-07-14 15:23:13,053 - mark_checklist_complete - INFO - POST /mark_checklist_complete called by user_id=2
2025-07-14 15:23:13,055 - mark_checklist_complete - INFO - Checklist 172 found, current status: False
2025-07-14 15:23:13,059 - mark_checklist_complete - INFO - Checklist is linked to parent_task_id=107, task_type=TaskType.Normal
2025-07-14 15:23:13,064 - mark_checklist_complete - INFO - Checklist 172 marked as completed
2025-07-14 15:23:13,091 - mark_checklist_complete - INFO - Checklist status updated and committed successfully
2025-07-14 15:23:31,470 - mark_checklist_complete - INFO - POST /mark_checklist_complete called by user_id=2
2025-07-14 15:23:31,473 - mark_checklist_complete - INFO - Checklist 172 found, current status: True
2025-07-14 15:23:31,482 - mark_checklist_complete - INFO - Checklist is linked to parent_task_id=107, task_type=TaskType.Normal
2025-07-14 15:23:31,490 - mark_checklist_complete - INFO - Checklist 172 marked as incomplete
2025-07-14 15:23:31,543 - mark_checklist_complete - INFO - Checklist status updated and committed successfully
2025-07-14 15:23:57,720 - mark_checklist_complete - INFO - POST /mark_checklist_complete called by user_id=2
2025-07-14 15:23:57,726 - mark_checklist_complete - INFO - Checklist 172 found, current status: False
2025-07-14 15:23:57,727 - mark_checklist_complete - INFO - Checklist 172 already incomplete
2025-07-14 15:23:57,738 - mark_checklist_complete - INFO - Checklist is linked to parent_task_id=107, task_type=TaskType.Normal
2025-07-14 15:23:57,745 - mark_checklist_complete - INFO - Checklist 172 marked as incomplete
2025-07-14 15:23:57,775 - mark_checklist_complete - INFO - Checklist status updated and committed successfully
2025-07-14 15:24:16,999 - mark_checklist_complete - INFO - POST /mark_checklist_complete called by user_id=2
2025-07-14 15:24:17,005 - mark_checklist_complete - INFO - Checklist 172 found, current status: False
2025-07-14 15:24:17,014 - mark_checklist_complete - INFO - Checklist is linked to parent_task_id=107, task_type=TaskType.Normal
2025-07-14 15:24:17,021 - mark_checklist_complete - INFO - Checklist 172 marked as completed
2025-07-14 15:24:17,084 - mark_checklist_complete - INFO - Checklist status updated and committed successfully
2025-07-14 15:25:13,428 - mark_checklist_complete - INFO - POST /mark_checklist_complete called by user_id=2
2025-07-14 15:25:13,442 - mark_checklist_complete - INFO - Checklist 172 found, current status: True
2025-07-14 15:25:13,468 - mark_checklist_complete - INFO - Checklist is linked to parent_task_id=107, task_type=TaskType.Normal
2025-07-14 15:25:13,488 - mark_checklist_complete - INFO - Checklist 172 marked as incomplete
2025-07-14 15:25:13,569 - mark_checklist_complete - INFO - Checklist status updated and committed successfully
2025-07-14 15:26:07,648 - mark_checklist_complete - INFO - POST /mark_checklist_complete called by user_id=2
2025-07-14 15:26:07,652 - mark_checklist_complete - INFO - Checklist 173 found, current status: False
2025-07-14 15:26:07,665 - mark_checklist_complete - INFO - Checklist is linked to parent_task_id=109, task_type=TaskType.Normal
2025-07-14 15:26:07,676 - mark_checklist_complete - INFO - Checklist 173 marked as completed
2025-07-14 15:26:07,722 - mark_checklist_complete - INFO - Checklist status updated and committed successfully
