[SQL: INSERT INTO tasks (assigned_to, created_by, task_name, description, status, task_type, due_date, is_review_required, is_reviewed, parent_task_id, output, is_delete) VALUES (%(assigned_to)s, %(created_by)s, %(task_name)s, %(description)s, %(status)s, %(task_type)s, %(due_date)s, %(is_review_required)s, %(is_reviewed)s, %(parent_task_id)s, %(output)s, %(is_delete)s)]
[parameters: {'assigned_to': 1, 'created_by': 1, 'task_name': 'Review - task1', 'description': None, 'status': 'New', 'task_type': 'Review', 'due_date': datetime.date(2025, 5, 30), 'is_review_required': 0, 'is_reviewed': 0, 'parent_task_id': 1, 'output': None, 'is_delete': 0}]
(Background on this error at: https://sqlalche.me/e/20/9h9h)
Traceback (most recent call last):
  File "D:\Task Management System Final code\.venv\Lib\site-packages\sqlalchemy\engine\base.py", line 1964, in _exec_single_context
    self.dialect.do_execute(
  File "D:\Task Management System Final code\.venv\Lib\site-packages\sqlalchemy\engine\default.py", line 945, in do_execute
    cursor.execute(statement, parameters)
  File "D:\Task Management System Final code\.venv\Lib\site-packages\pymysql\cursors.py", line 153, in execute
    result = self._query(query)
             ^^^^^^^^^^^^^^^^^^
  File "D:\Task Management System Final code\.venv\Lib\site-packages\pymysql\cursors.py", line 322, in _query
    conn.query(q)
  File "D:\Task Management System Final code\.venv\Lib\site-packages\pymysql\connections.py", line 563, in query
    self._affected_rows = self._read_query_result(unbuffered=unbuffered)
                          ^^^^^^^^^^^^^^^^^^^^^^^^^^^^^^^^^^^^^^^^^^^^^^
  File "D:\Task Management System Final code\.venv\Lib\site-packages\pymysql\connections.py", line 825, in _read_query_result
    result.read()
  File "D:\Task Management System Final code\.venv\Lib\site-packages\pymysql\connections.py", line 1199, in read
    first_packet = self.connection._read_packet()
                   ^^^^^^^^^^^^^^^^^^^^^^^^^^^^^^
  File "D:\Task Management System Final code\.venv\Lib\site-packages\pymysql\connections.py", line 775, in _read_packet
    packet.raise_for_error()
  File "D:\Task Management System Final code\.venv\Lib\site-packages\pymysql\protocol.py", line 219, in raise_for_error
    err.raise_mysql_exception(self._data)
  File "D:\Task Management System Final code\.venv\Lib\site-packages\pymysql\err.py", line 150, in raise_mysql_exception
    raise errorclass(errno, errval)
pymysql.err.DataError: (1265, "Data truncated for column 'status' at row 1")

The above exception was the direct cause of the following exception:

Traceback (most recent call last):
  File "D:\Task Management System Final code\Tasks\Create_Task.py", line 130, in add_checklist_subtask
    db.commit()
  File "D:\Task Management System Final code\.venv\Lib\site-packages\sqlalchemy\orm\session.py", line 2032, in commit
    trans.commit(_to_root=True)
  File "<string>", line 2, in commit
  File "D:\Task Management System Final code\.venv\Lib\site-packages\sqlalchemy\orm\state_changes.py", line 139, in _go
    ret_value = fn(self, *arg, **kw)
                ^^^^^^^^^^^^^^^^^^^^
  File "D:\Task Management System Final code\.venv\Lib\site-packages\sqlalchemy\orm\session.py", line 1313, in commit
    self._prepare_impl()
  File "<string>", line 2, in _prepare_impl
  File "D:\Task Management System Final code\.venv\Lib\site-packages\sqlalchemy\orm\state_changes.py", line 139, in _go
    ret_value = fn(self, *arg, **kw)
                ^^^^^^^^^^^^^^^^^^^^
  File "D:\Task Management System Final code\.venv\Lib\site-packages\sqlalchemy\orm\session.py", line 1288, in _prepare_impl
    self.session.flush()
  File "D:\Task Management System Final code\.venv\Lib\site-packages\sqlalchemy\orm\session.py", line 4353, in flush
    self._flush(objects)
  File "D:\Task Management System Final code\.venv\Lib\site-packages\sqlalchemy\orm\session.py", line 4488, in _flush
    with util.safe_reraise():
         ^^^^^^^^^^^^^^^^^^^
  File "D:\Task Management System Final code\.venv\Lib\site-packages\sqlalchemy\util\langhelpers.py", line 146, in __exit__
    raise exc_value.with_traceback(exc_tb)
  File "D:\Task Management System Final code\.venv\Lib\site-packages\sqlalchemy\orm\session.py", line 4449, in _flush
    flush_context.execute()
  File "D:\Task Management System Final code\.venv\Lib\site-packages\sqlalchemy\orm\unitofwork.py", line 466, in execute
    rec.execute(self)
  File "D:\Task Management System Final code\.venv\Lib\site-packages\sqlalchemy\orm\unitofwork.py", line 642, in execute
    util.preloaded.orm_persistence.save_obj(
  File "D:\Task Management System Final code\.venv\Lib\site-packages\sqlalchemy\orm\persistence.py", line 93, in save_obj
    _emit_insert_statements(
  File "D:\Task Management System Final code\.venv\Lib\site-packages\sqlalchemy\orm\persistence.py", line 1233, in _emit_insert_statements
    result = connection.execute(
             ^^^^^^^^^^^^^^^^^^^
  File "D:\Task Management System Final code\.venv\Lib\site-packages\sqlalchemy\engine\base.py", line 1416, in execute
    return meth(
           ^^^^^
  File "D:\Task Management System Final code\.venv\Lib\site-packages\sqlalchemy\sql\elements.py", line 523, in _execute_on_connection
    return connection._execute_clauseelement(
           ^^^^^^^^^^^^^^^^^^^^^^^^^^^^^^^^^^
  File "D:\Task Management System Final code\.venv\Lib\site-packages\sqlalchemy\engine\base.py", line 1638, in _execute_clauseelement
    ret = self._execute_context(
          ^^^^^^^^^^^^^^^^^^^^^^
  File "D:\Task Management System Final code\.venv\Lib\site-packages\sqlalchemy\engine\base.py", line 1843, in _execute_context
    return self._exec_single_context(
           ^^^^^^^^^^^^^^^^^^^^^^^^^^
  File "D:\Task Management System Final code\.venv\Lib\site-packages\sqlalchemy\engine\base.py", line 1983, in _exec_single_context
    self._handle_dbapi_exception(
  File "D:\Task Management System Final code\.venv\Lib\site-packages\sqlalchemy\engine\base.py", line 2352, in _handle_dbapi_exception
    raise sqlalchemy_exception.with_traceback(exc_info[2]) from e
  File "D:\Task Management System Final code\.venv\Lib\site-packages\sqlalchemy\engine\base.py", line 1964, in _exec_single_context
    self.dialect.do_execute(
  File "D:\Task Management System Final code\.venv\Lib\site-packages\sqlalchemy\engine\default.py", line 945, in do_execute
    cursor.execute(statement, parameters)
  File "D:\Task Management System Final code\.venv\Lib\site-packages\pymysql\cursors.py", line 153, in execute
    result = self._query(query)
             ^^^^^^^^^^^^^^^^^^
  File "D:\Task Management System Final code\.venv\Lib\site-packages\pymysql\cursors.py", line 322, in _query
    conn.query(q)
  File "D:\Task Management System Final code\.venv\Lib\site-packages\pymysql\connections.py", line 563, in query
    self._affected_rows = self._read_query_result(unbuffered=unbuffered)
                          ^^^^^^^^^^^^^^^^^^^^^^^^^^^^^^^^^^^^^^^^^^^^^^
  File "D:\Task Management System Final code\.venv\Lib\site-packages\pymysql\connections.py", line 825, in _read_query_result
    result.read()
  File "D:\Task Management System Final code\.venv\Lib\site-packages\pymysql\connections.py", line 1199, in read
    first_packet = self.connection._read_packet()
                   ^^^^^^^^^^^^^^^^^^^^^^^^^^^^^^
  File "D:\Task Management System Final code\.venv\Lib\site-packages\pymysql\connections.py", line 775, in _read_packet
    packet.raise_for_error()
  File "D:\Task Management System Final code\.venv\Lib\site-packages\pymysql\protocol.py", line 219, in raise_for_error
    err.raise_mysql_exception(self._data)
  File "D:\Task Management System Final code\.venv\Lib\site-packages\pymysql\err.py", line 150, in raise_mysql_exception
    raise errorclass(errno, errval)
sqlalchemy.exc.DataError: (pymysql.err.DataError) (1265, "Data truncated for column 'status' at row 1")
[SQL: INSERT INTO tasks (assigned_to, created_by, task_name, description, status, task_type, due_date, is_review_required, is_reviewed, parent_task_id, output, is_delete) VALUES (%(assigned_to)s, %(created_by)s, %(task_name)s, %(description)s, %(status)s, %(task_type)s, %(due_date)s, %(is_review_required)s, %(is_reviewed)s, %(parent_task_id)s, %(output)s, %(is_delete)s)]
[parameters: {'assigned_to': 1, 'created_by': 1, 'task_name': 'Review - task1', 'description': None, 'status': 'New', 'task_type': 'Review', 'due_date': datetime.date(2025, 5, 30), 'is_review_required': 0, 'is_reviewed': 0, 'parent_task_id': 1, 'output': None, 'is_delete': 0}]
(Background on this error at: https://sqlalche.me/e/20/9h9h)
[SQL: INSERT INTO task_update_logs (task_id, field_name, old_value, new_value, updated_by, updated_at) VALUES (%(task_id)s, %(field_name)s, %(old_value)s, %(new_value)s, %(updated_by)s, %(updated_at)s)]
[parameters: {'task_id': None, 'field_name': 'status', 'old_value': 'None', 'new_value': 'New', 'updated_by': 2, 'updated_at': datetime.datetime(2025, 4, 30, 11, 0, 52, 319561)}]
(Background on this error at: https://sqlalche.me/e/20/gkpj) (Background on this error at: https://sqlalche.me/e/20/7s2a)
Traceback (most recent call last):
  File "D:\Task Management System Final code\Tasks\Create_Task.py", line 130, in add_checklist_subtask
    db.commit()
  File "D:\Task Management System Final code\.venv\Lib\site-packages\sqlalchemy\orm\session.py", line 2032, in commit
    trans.commit(_to_root=True)
  File "<string>", line 2, in commit
  File "D:\Task Management System Final code\.venv\Lib\site-packages\sqlalchemy\orm\state_changes.py", line 103, in _go
    self._raise_for_prerequisite_state(fn.__name__, current_state)
  File "D:\Task Management System Final code\.venv\Lib\site-packages\sqlalchemy\orm\session.py", line 973, in _raise_for_prerequisite_state
    raise sa_exc.PendingRollbackError(
sqlalchemy.exc.PendingRollbackError: This Session's transaction has been rolled back due to a previous exception during flush. To begin a new transaction with this Session, first issue Session.rollback(). Original exception was: (pymysql.err.IntegrityError) (1048, "Column 'task_id' cannot be null")
[SQL: INSERT INTO task_update_logs (task_id, field_name, old_value, new_value, updated_by, updated_at) VALUES (%(task_id)s, %(field_name)s, %(old_value)s, %(new_value)s, %(updated_by)s, %(updated_at)s)]
[parameters: {'task_id': None, 'field_name': 'status', 'old_value': 'None', 'new_value': 'New', 'updated_by': 2, 'updated_at': datetime.datetime(2025, 4, 30, 11, 0, 52, 319561)}]
(Background on this error at: https://sqlalche.me/e/20/gkpj) (Background on this error at: https://sqlalche.me/e/20/7s2a)
[SQL: INSERT INTO task_update_logs (task_id, field_name, old_value, new_value, updated_by, updated_at) VALUES (%(task_id)s, %(field_name)s, %(old_value)s, %(new_value)s, %(updated_by)s, %(updated_at)s)]
[parameters: {'task_id': None, 'field_name': 'status', 'old_value': 'None', 'new_value': 'New', 'updated_by': 2, 'updated_at': datetime.datetime(2025, 4, 30, 11, 3, 2, 440884)}]
(Background on this error at: https://sqlalche.me/e/20/gkpj) (Background on this error at: https://sqlalche.me/e/20/7s2a)
Traceback (most recent call last):
  File "D:\Task Management System Final code\Tasks\Create_Task.py", line 130, in add_checklist_subtask
    # Final commit
    ^^^^^^^^^^^
  File "D:\Task Management System Final code\.venv\Lib\site-packages\sqlalchemy\orm\session.py", line 2032, in commit
    trans.commit(_to_root=True)
  File "<string>", line 2, in commit
  File "D:\Task Management System Final code\.venv\Lib\site-packages\sqlalchemy\orm\state_changes.py", line 103, in _go
    self._raise_for_prerequisite_state(fn.__name__, current_state)
  File "D:\Task Management System Final code\.venv\Lib\site-packages\sqlalchemy\orm\session.py", line 973, in _raise_for_prerequisite_state
    raise sa_exc.PendingRollbackError(
sqlalchemy.exc.PendingRollbackError: This Session's transaction has been rolled back due to a previous exception during flush. To begin a new transaction with this Session, first issue Session.rollback(). Original exception was: (pymysql.err.IntegrityError) (1048, "Column 'task_id' cannot be null")
[SQL: INSERT INTO task_update_logs (task_id, field_name, old_value, new_value, updated_by, updated_at) VALUES (%(task_id)s, %(field_name)s, %(old_value)s, %(new_value)s, %(updated_by)s, %(updated_at)s)]
[parameters: {'task_id': None, 'field_name': 'status', 'old_value': 'None', 'new_value': 'New', 'updated_by': 2, 'updated_at': datetime.datetime(2025, 4, 30, 11, 3, 2, 440884)}]
(Background on this error at: https://sqlalche.me/e/20/gkpj) (Background on this error at: https://sqlalche.me/e/20/7s2a)
[SQL: INSERT INTO tasks (assigned_to, created_by, task_name, description, status, task_type, due_date, is_review_required, is_reviewed, parent_task_id, output, is_delete) VALUES (%(assigned_to)s, %(created_by)s, %(task_name)s, %(description)s, %(status)s, %(task_type)s, %(due_date)s, %(is_review_required)s, %(is_reviewed)s, %(parent_task_id)s, %(output)s, %(is_delete)s)]
[parameters: {'assigned_to': 3, 'created_by': 1, 'task_name': 'task1', 'description': 'this is for testing purpose', 'status': 'To_Do', 'task_type': 'Normal', 'due_date': datetime.date(2025, 5, 30), 'is_review_required': 1, 'is_reviewed': 0, 'parent_task_id': None, 'output': None, 'is_delete': 0}]
(Background on this error at: https://sqlalche.me/e/20/gkpj)
Traceback (most recent call last):
  File "D:\Task Management System Final code\.venv\Lib\site-packages\sqlalchemy\engine\base.py", line 1964, in _exec_single_context
    self.dialect.do_execute(
  File "D:\Task Management System Final code\.venv\Lib\site-packages\sqlalchemy\engine\default.py", line 945, in do_execute
    cursor.execute(statement, parameters)
  File "D:\Task Management System Final code\.venv\Lib\site-packages\pymysql\cursors.py", line 153, in execute
    result = self._query(query)
             ^^^^^^^^^^^^^^^^^^
  File "D:\Task Management System Final code\.venv\Lib\site-packages\pymysql\cursors.py", line 322, in _query
    conn.query(q)
  File "D:\Task Management System Final code\.venv\Lib\site-packages\pymysql\connections.py", line 563, in query
    self._affected_rows = self._read_query_result(unbuffered=unbuffered)
                          ^^^^^^^^^^^^^^^^^^^^^^^^^^^^^^^^^^^^^^^^^^^^^^
  File "D:\Task Management System Final code\.venv\Lib\site-packages\pymysql\connections.py", line 825, in _read_query_result
    result.read()
  File "D:\Task Management System Final code\.venv\Lib\site-packages\pymysql\connections.py", line 1199, in read
    first_packet = self.connection._read_packet()
                   ^^^^^^^^^^^^^^^^^^^^^^^^^^^^^^
  File "D:\Task Management System Final code\.venv\Lib\site-packages\pymysql\connections.py", line 775, in _read_packet
    packet.raise_for_error()
  File "D:\Task Management System Final code\.venv\Lib\site-packages\pymysql\protocol.py", line 219, in raise_for_error
    err.raise_mysql_exception(self._data)
  File "D:\Task Management System Final code\.venv\Lib\site-packages\pymysql\err.py", line 150, in raise_mysql_exception
    raise errorclass(errno, errval)
pymysql.err.IntegrityError: (1452, 'Cannot add or update a child row: a foreign key constraint fails (`employeee_task`.`tasks`, CONSTRAINT `tasks_ibfk_1` FOREIGN KEY (`assigned_to`) REFERENCES `users` (`employee_id`))')

The above exception was the direct cause of the following exception:

Traceback (most recent call last):
  File "D:\Task Management System Final code\Tasks\Create_Task.py", line 42, in add_checklist_subtask
    db.flush()  # Get task_id before commit
    ^^^^^^^^^^
  File "D:\Task Management System Final code\.venv\Lib\site-packages\sqlalchemy\orm\session.py", line 4353, in flush
    self._flush(objects)
  File "D:\Task Management System Final code\.venv\Lib\site-packages\sqlalchemy\orm\session.py", line 4488, in _flush
    with util.safe_reraise():
         ^^^^^^^^^^^^^^^^^^^
  File "D:\Task Management System Final code\.venv\Lib\site-packages\sqlalchemy\util\langhelpers.py", line 146, in __exit__
    raise exc_value.with_traceback(exc_tb)
  File "D:\Task Management System Final code\.venv\Lib\site-packages\sqlalchemy\orm\session.py", line 4449, in _flush
    flush_context.execute()
  File "D:\Task Management System Final code\.venv\Lib\site-packages\sqlalchemy\orm\unitofwork.py", line 466, in execute
    rec.execute(self)
  File "D:\Task Management System Final code\.venv\Lib\site-packages\sqlalchemy\orm\unitofwork.py", line 642, in execute
    util.preloaded.orm_persistence.save_obj(
  File "D:\Task Management System Final code\.venv\Lib\site-packages\sqlalchemy\orm\persistence.py", line 93, in save_obj
    _emit_insert_statements(
  File "D:\Task Management System Final code\.venv\Lib\site-packages\sqlalchemy\orm\persistence.py", line 1233, in _emit_insert_statements
    result = connection.execute(
             ^^^^^^^^^^^^^^^^^^^
  File "D:\Task Management System Final code\.venv\Lib\site-packages\sqlalchemy\engine\base.py", line 1416, in execute
    return meth(
           ^^^^^
  File "D:\Task Management System Final code\.venv\Lib\site-packages\sqlalchemy\sql\elements.py", line 523, in _execute_on_connection
    return connection._execute_clauseelement(
           ^^^^^^^^^^^^^^^^^^^^^^^^^^^^^^^^^^
  File "D:\Task Management System Final code\.venv\Lib\site-packages\sqlalchemy\engine\base.py", line 1638, in _execute_clauseelement
    ret = self._execute_context(
          ^^^^^^^^^^^^^^^^^^^^^^
  File "D:\Task Management System Final code\.venv\Lib\site-packages\sqlalchemy\engine\base.py", line 1843, in _execute_context
    return self._exec_single_context(
           ^^^^^^^^^^^^^^^^^^^^^^^^^^
  File "D:\Task Management System Final code\.venv\Lib\site-packages\sqlalchemy\engine\base.py", line 1983, in _exec_single_context
    self._handle_dbapi_exception(
  File "D:\Task Management System Final code\.venv\Lib\site-packages\sqlalchemy\engine\base.py", line 2352, in _handle_dbapi_exception
    raise sqlalchemy_exception.with_traceback(exc_info[2]) from e
  File "D:\Task Management System Final code\.venv\Lib\site-packages\sqlalchemy\engine\base.py", line 1964, in _exec_single_context
    self.dialect.do_execute(
  File "D:\Task Management System Final code\.venv\Lib\site-packages\sqlalchemy\engine\default.py", line 945, in do_execute
    cursor.execute(statement, parameters)
  File "D:\Task Management System Final code\.venv\Lib\site-packages\pymysql\cursors.py", line 153, in execute
    result = self._query(query)
             ^^^^^^^^^^^^^^^^^^
  File "D:\Task Management System Final code\.venv\Lib\site-packages\pymysql\cursors.py", line 322, in _query
    conn.query(q)
  File "D:\Task Management System Final code\.venv\Lib\site-packages\pymysql\connections.py", line 563, in query
    self._affected_rows = self._read_query_result(unbuffered=unbuffered)
                          ^^^^^^^^^^^^^^^^^^^^^^^^^^^^^^^^^^^^^^^^^^^^^^
  File "D:\Task Management System Final code\.venv\Lib\site-packages\pymysql\connections.py", line 825, in _read_query_result
    result.read()
  File "D:\Task Management System Final code\.venv\Lib\site-packages\pymysql\connections.py", line 1199, in read
    first_packet = self.connection._read_packet()
                   ^^^^^^^^^^^^^^^^^^^^^^^^^^^^^^
  File "D:\Task Management System Final code\.venv\Lib\site-packages\pymysql\connections.py", line 775, in _read_packet
    packet.raise_for_error()
  File "D:\Task Management System Final code\.venv\Lib\site-packages\pymysql\protocol.py", line 219, in raise_for_error
    err.raise_mysql_exception(self._data)
  File "D:\Task Management System Final code\.venv\Lib\site-packages\pymysql\err.py", line 150, in raise_mysql_exception
    raise errorclass(errno, errval)
sqlalchemy.exc.IntegrityError: (pymysql.err.IntegrityError) (1452, 'Cannot add or update a child row: a foreign key constraint fails (`employeee_task`.`tasks`, CONSTRAINT `tasks_ibfk_1` FOREIGN KEY (`assigned_to`) REFERENCES `users` (`employee_id`))')
[SQL: INSERT INTO tasks (assigned_to, created_by, task_name, description, status, task_type, due_date, is_review_required, is_reviewed, parent_task_id, output, is_delete) VALUES (%(assigned_to)s, %(created_by)s, %(task_name)s, %(description)s, %(status)s, %(task_type)s, %(due_date)s, %(is_review_required)s, %(is_reviewed)s, %(parent_task_id)s, %(output)s, %(is_delete)s)]
[parameters: {'assigned_to': 3, 'created_by': 1, 'task_name': 'task1', 'description': 'this is for testing purpose', 'status': 'To_Do', 'task_type': 'Normal', 'due_date': datetime.date(2025, 5, 30), 'is_review_required': 1, 'is_reviewed': 0, 'parent_task_id': None, 'output': None, 'is_delete': 0}]
(Background on this error at: https://sqlalche.me/e/20/gkpj)
[SQL: INSERT INTO task_update_logs (task_id, field_name, old_value, new_value, updated_by, updated_at) VALUES (%(task_id)s, %(field_name)s, %(old_value)s, %(new_value)s, %(updated_by)s, %(updated_at)s)]
[parameters: {'task_id': 2, 'field_name': 'status', 'old_value': 'None', 'new_value': 'To_Do', 'updated_by': 2, 'updated_at': datetime.datetime(2025, 4, 30, 11, 14, 57, 502506)}]
(Background on this error at: https://sqlalche.me/e/20/gkpj) (Background on this error at: https://sqlalche.me/e/20/7s2a)
Traceback (most recent call last):
  File "D:\Task Management System Final code\Tasks\Create_Task.py", line 62, in add_checklist_subtask
    created_by = Current_user.employee_id
                 ^^^^^^^^^^^^^^^^^^^^^^^^
  File "D:\Task Management System Final code\.venv\Lib\site-packages\sqlalchemy\orm\attributes.py", line 566, in __get__
    return self.impl.get(state, dict_)  # type: ignore[no-any-return]
           ^^^^^^^^^^^^^^^^^^^^^^^^^^^
  File "D:\Task Management System Final code\.venv\Lib\site-packages\sqlalchemy\orm\attributes.py", line 1086, in get
    value = self._fire_loader_callables(state, key, passive)
            ^^^^^^^^^^^^^^^^^^^^^^^^^^^^^^^^^^^^^^^^^^^^^^^^
  File "D:\Task Management System Final code\.venv\Lib\site-packages\sqlalchemy\orm\attributes.py", line 1116, in _fire_loader_callables
    return state._load_expired(state, passive)
           ^^^^^^^^^^^^^^^^^^^^^^^^^^^^^^^^^^^
  File "D:\Task Management System Final code\.venv\Lib\site-packages\sqlalchemy\orm\state.py", line 803, in _load_expired
    self.manager.expired_attribute_loader(self, toload, passive)
  File "D:\Task Management System Final code\.venv\Lib\site-packages\sqlalchemy\orm\loading.py", line 1670, in load_scalar_attributes
    result = load_on_ident(
             ^^^^^^^^^^^^^^
  File "D:\Task Management System Final code\.venv\Lib\site-packages\sqlalchemy\orm\loading.py", line 509, in load_on_ident
    return load_on_pk_identity(
           ^^^^^^^^^^^^^^^^^^^^
  File "D:\Task Management System Final code\.venv\Lib\site-packages\sqlalchemy\orm\loading.py", line 694, in load_on_pk_identity
    session.execute(
  File "D:\Task Management System Final code\.venv\Lib\site-packages\sqlalchemy\orm\session.py", line 2365, in execute
    return self._execute_internal(
           ^^^^^^^^^^^^^^^^^^^^^^^
  File "D:\Task Management System Final code\.venv\Lib\site-packages\sqlalchemy\orm\session.py", line 2241, in _execute_internal
    conn = self._connection_for_bind(bind)
           ^^^^^^^^^^^^^^^^^^^^^^^^^^^^^^^
  File "D:\Task Management System Final code\.venv\Lib\site-packages\sqlalchemy\orm\session.py", line 2110, in _connection_for_bind
    return trans._connection_for_bind(engine, execution_options)
           ^^^^^^^^^^^^^^^^^^^^^^^^^^^^^^^^^^^^^^^^^^^^^^^^^^^^^
  File "<string>", line 2, in _connection_for_bind
  File "D:\Task Management System Final code\.venv\Lib\site-packages\sqlalchemy\orm\state_changes.py", line 103, in _go
    self._raise_for_prerequisite_state(fn.__name__, current_state)
  File "D:\Task Management System Final code\.venv\Lib\site-packages\sqlalchemy\orm\session.py", line 973, in _raise_for_prerequisite_state
    raise sa_exc.PendingRollbackError(
sqlalchemy.exc.PendingRollbackError: This Session's transaction has been rolled back due to a previous exception during flush. To begin a new transaction with this Session, first issue Session.rollback(). Original exception was: (pymysql.err.IntegrityError) (1452, 'Cannot add or update a child row: a foreign key constraint fails (`employeee_task`.`task_update_logs`, CONSTRAINT `task_update_logs_ibfk_2` FOREIGN KEY (`updated_by`) REFERENCES `users` (`employee_id`))')
[SQL: INSERT INTO task_update_logs (task_id, field_name, old_value, new_value, updated_by, updated_at) VALUES (%(task_id)s, %(field_name)s, %(old_value)s, %(new_value)s, %(updated_by)s, %(updated_at)s)]
[parameters: {'task_id': 2, 'field_name': 'status', 'old_value': 'None', 'new_value': 'To_Do', 'updated_by': 2, 'updated_at': datetime.datetime(2025, 4, 30, 11, 14, 57, 502506)}]
(Background on this error at: https://sqlalche.me/e/20/gkpj) (Background on this error at: https://sqlalche.me/e/20/7s2a)
[SQL: INSERT INTO task_update_logs (task_id, field_name, old_value, new_value, updated_by, updated_at) VALUES (%(task_id)s, %(field_name)s, %(old_value)s, %(new_value)s, %(updated_by)s, %(updated_at)s)]
[parameters: {'task_id': 3, 'field_name': 'status', 'old_value': 'None', 'new_value': 'To_Do', 'updated_by': 2, 'updated_at': datetime.datetime(2025, 4, 30, 11, 15, 28, 207562)}]
(Background on this error at: https://sqlalche.me/e/20/gkpj) (Background on this error at: https://sqlalche.me/e/20/7s2a)
Traceback (most recent call last):
  File "D:\Task Management System Final code\Tasks\Create_Task.py", line 62, in add_checklist_subtask
    created_by = Current_user.employee_id
                 ^^^^^^^^^^^^^^^^^^^^^^^^
  File "D:\Task Management System Final code\.venv\Lib\site-packages\sqlalchemy\orm\attributes.py", line 566, in __get__
    return self.impl.get(state, dict_)  # type: ignore[no-any-return]
           ^^^^^^^^^^^^^^^^^^^^^^^^^^^
  File "D:\Task Management System Final code\.venv\Lib\site-packages\sqlalchemy\orm\attributes.py", line 1086, in get
    value = self._fire_loader_callables(state, key, passive)
            ^^^^^^^^^^^^^^^^^^^^^^^^^^^^^^^^^^^^^^^^^^^^^^^^
  File "D:\Task Management System Final code\.venv\Lib\site-packages\sqlalchemy\orm\attributes.py", line 1116, in _fire_loader_callables
    return state._load_expired(state, passive)
           ^^^^^^^^^^^^^^^^^^^^^^^^^^^^^^^^^^^
  File "D:\Task Management System Final code\.venv\Lib\site-packages\sqlalchemy\orm\state.py", line 803, in _load_expired
    self.manager.expired_attribute_loader(self, toload, passive)
  File "D:\Task Management System Final code\.venv\Lib\site-packages\sqlalchemy\orm\loading.py", line 1670, in load_scalar_attributes
    result = load_on_ident(
             ^^^^^^^^^^^^^^
  File "D:\Task Management System Final code\.venv\Lib\site-packages\sqlalchemy\orm\loading.py", line 509, in load_on_ident
    return load_on_pk_identity(
           ^^^^^^^^^^^^^^^^^^^^
  File "D:\Task Management System Final code\.venv\Lib\site-packages\sqlalchemy\orm\loading.py", line 694, in load_on_pk_identity
    session.execute(
  File "D:\Task Management System Final code\.venv\Lib\site-packages\sqlalchemy\orm\session.py", line 2365, in execute
    return self._execute_internal(
           ^^^^^^^^^^^^^^^^^^^^^^^
  File "D:\Task Management System Final code\.venv\Lib\site-packages\sqlalchemy\orm\session.py", line 2241, in _execute_internal
    conn = self._connection_for_bind(bind)
           ^^^^^^^^^^^^^^^^^^^^^^^^^^^^^^^
  File "D:\Task Management System Final code\.venv\Lib\site-packages\sqlalchemy\orm\session.py", line 2110, in _connection_for_bind
    return trans._connection_for_bind(engine, execution_options)
           ^^^^^^^^^^^^^^^^^^^^^^^^^^^^^^^^^^^^^^^^^^^^^^^^^^^^^
  File "<string>", line 2, in _connection_for_bind
  File "D:\Task Management System Final code\.venv\Lib\site-packages\sqlalchemy\orm\state_changes.py", line 103, in _go
    self._raise_for_prerequisite_state(fn.__name__, current_state)
  File "D:\Task Management System Final code\.venv\Lib\site-packages\sqlalchemy\orm\session.py", line 973, in _raise_for_prerequisite_state
    raise sa_exc.PendingRollbackError(
sqlalchemy.exc.PendingRollbackError: This Session's transaction has been rolled back due to a previous exception during flush. To begin a new transaction with this Session, first issue Session.rollback(). Original exception was: (pymysql.err.IntegrityError) (1452, 'Cannot add or update a child row: a foreign key constraint fails (`employeee_task`.`task_update_logs`, CONSTRAINT `task_update_logs_ibfk_2` FOREIGN KEY (`updated_by`) REFERENCES `users` (`employee_id`))')
[SQL: INSERT INTO task_update_logs (task_id, field_name, old_value, new_value, updated_by, updated_at) VALUES (%(task_id)s, %(field_name)s, %(old_value)s, %(new_value)s, %(updated_by)s, %(updated_at)s)]
[parameters: {'task_id': 3, 'field_name': 'status', 'old_value': 'None', 'new_value': 'To_Do', 'updated_by': 2, 'updated_at': datetime.datetime(2025, 4, 30, 11, 15, 28, 207562)}]
(Background on this error at: https://sqlalche.me/e/20/gkpj) (Background on this error at: https://sqlalche.me/e/20/7s2a)
Traceback (most recent call last):
  File "D:\Task Management System Final code\.venv\Lib\site-packages\sqlalchemy\engine\base.py", line 1964, in _exec_single_context
    self.dialect.do_execute(
  File "D:\Task Management System Final code\.venv\Lib\site-packages\sqlalchemy\engine\default.py", line 945, in do_execute
    cursor.execute(statement, parameters)
  File "D:\Task Management System Final code\.venv\Lib\site-packages\pymysql\cursors.py", line 153, in execute
    result = self._query(query)
             ^^^^^^^^^^^^^^^^^^
  File "D:\Task Management System Final code\.venv\Lib\site-packages\pymysql\cursors.py", line 322, in _query
    conn.query(q)
  File "D:\Task Management System Final code\.venv\Lib\site-packages\pymysql\connections.py", line 563, in query
    self._affected_rows = self._read_query_result(unbuffered=unbuffered)
                          ^^^^^^^^^^^^^^^^^^^^^^^^^^^^^^^^^^^^^^^^^^^^^^
  File "D:\Task Management System Final code\.venv\Lib\site-packages\pymysql\connections.py", line 825, in _read_query_result
    result.read()
  File "D:\Task Management System Final code\.venv\Lib\site-packages\pymysql\connections.py", line 1199, in read
    first_packet = self.connection._read_packet()
                   ^^^^^^^^^^^^^^^^^^^^^^^^^^^^^^
  File "D:\Task Management System Final code\.venv\Lib\site-packages\pymysql\connections.py", line 775, in _read_packet
    packet.raise_for_error()
  File "D:\Task Management System Final code\.venv\Lib\site-packages\pymysql\protocol.py", line 219, in raise_for_error
    err.raise_mysql_exception(self._data)
  File "D:\Task Management System Final code\.venv\Lib\site-packages\pymysql\err.py", line 150, in raise_mysql_exception
    raise errorclass(errno, errval)
pymysql.err.IntegrityError: (1452, 'Cannot add or update a child row: a foreign key constraint fails (`employeee_task`.`tasks`, CONSTRAINT `tasks_ibfk_1` FOREIGN KEY (`assigned_to`) REFERENCES `users` (`employee_id`))')

The above exception was the direct cause of the following exception:

Traceback (most recent call last):
  File "D:\Task Management System Final code\Tasks\Create_Task.py", line 40, in add_checklist_subtask
    db.flush()
  File "D:\Task Management System Final code\.venv\Lib\site-packages\sqlalchemy\orm\session.py", line 4353, in flush
    self._flush(objects)
  File "D:\Task Management System Final code\.venv\Lib\site-packages\sqlalchemy\orm\session.py", line 4488, in _flush
    with util.safe_reraise():
         ^^^^^^^^^^^^^^^^^^^
  File "D:\Task Management System Final code\.venv\Lib\site-packages\sqlalchemy\util\langhelpers.py", line 146, in __exit__
    raise exc_value.with_traceback(exc_tb)
  File "D:\Task Management System Final code\.venv\Lib\site-packages\sqlalchemy\orm\session.py", line 4449, in _flush
    flush_context.execute()
  File "D:\Task Management System Final code\.venv\Lib\site-packages\sqlalchemy\orm\unitofwork.py", line 466, in execute
    rec.execute(self)
  File "D:\Task Management System Final code\.venv\Lib\site-packages\sqlalchemy\orm\unitofwork.py", line 642, in execute
    util.preloaded.orm_persistence.save_obj(
  File "D:\Task Management System Final code\.venv\Lib\site-packages\sqlalchemy\orm\persistence.py", line 93, in save_obj
    _emit_insert_statements(
  File "D:\Task Management System Final code\.venv\Lib\site-packages\sqlalchemy\orm\persistence.py", line 1233, in _emit_insert_statements
    result = connection.execute(
             ^^^^^^^^^^^^^^^^^^^
  File "D:\Task Management System Final code\.venv\Lib\site-packages\sqlalchemy\engine\base.py", line 1416, in execute
    return meth(
           ^^^^^
  File "D:\Task Management System Final code\.venv\Lib\site-packages\sqlalchemy\sql\elements.py", line 523, in _execute_on_connection
    return connection._execute_clauseelement(
           ^^^^^^^^^^^^^^^^^^^^^^^^^^^^^^^^^^
  File "D:\Task Management System Final code\.venv\Lib\site-packages\sqlalchemy\engine\base.py", line 1638, in _execute_clauseelement
    ret = self._execute_context(
          ^^^^^^^^^^^^^^^^^^^^^^
  File "D:\Task Management System Final code\.venv\Lib\site-packages\sqlalchemy\engine\base.py", line 1843, in _execute_context
    return self._exec_single_context(
           ^^^^^^^^^^^^^^^^^^^^^^^^^^
  File "D:\Task Management System Final code\.venv\Lib\site-packages\sqlalchemy\engine\base.py", line 1983, in _exec_single_context
    self._handle_dbapi_exception(
  File "D:\Task Management System Final code\.venv\Lib\site-packages\sqlalchemy\engine\base.py", line 2352, in _handle_dbapi_exception
    raise sqlalchemy_exception.with_traceback(exc_info[2]) from e
  File "D:\Task Management System Final code\.venv\Lib\site-packages\sqlalchemy\engine\base.py", line 1964, in _exec_single_context
    self.dialect.do_execute(
  File "D:\Task Management System Final code\.venv\Lib\site-packages\sqlalchemy\engine\default.py", line 945, in do_execute
    cursor.execute(statement, parameters)
  File "D:\Task Management System Final code\.venv\Lib\site-packages\pymysql\cursors.py", line 153, in execute
    result = self._query(query)
             ^^^^^^^^^^^^^^^^^^
  File "D:\Task Management System Final code\.venv\Lib\site-packages\pymysql\cursors.py", line 322, in _query
    conn.query(q)
  File "D:\Task Management System Final code\.venv\Lib\site-packages\pymysql\connections.py", line 563, in query
    self._affected_rows = self._read_query_result(unbuffered=unbuffered)
                          ^^^^^^^^^^^^^^^^^^^^^^^^^^^^^^^^^^^^^^^^^^^^^^
  File "D:\Task Management System Final code\.venv\Lib\site-packages\pymysql\connections.py", line 825, in _read_query_result
    result.read()
  File "D:\Task Management System Final code\.venv\Lib\site-packages\pymysql\connections.py", line 1199, in read
    first_packet = self.connection._read_packet()
                   ^^^^^^^^^^^^^^^^^^^^^^^^^^^^^^
  File "D:\Task Management System Final code\.venv\Lib\site-packages\pymysql\connections.py", line 775, in _read_packet
    packet.raise_for_error()
  File "D:\Task Management System Final code\.venv\Lib\site-packages\pymysql\protocol.py", line 219, in raise_for_error
    err.raise_mysql_exception(self._data)
  File "D:\Task Management System Final code\.venv\Lib\site-packages\pymysql\err.py", line 150, in raise_mysql_exception
    raise errorclass(errno, errval)
sqlalchemy.exc.IntegrityError: (pymysql.err.IntegrityError) (1452, 'Cannot add or update a child row: a foreign key constraint fails (`employeee_task`.`tasks`, CONSTRAINT `tasks_ibfk_1` FOREIGN KEY (`assigned_to`) REFERENCES `users` (`employee_id`))')
[SQL: INSERT INTO tasks (assigned_to, created_by, task_name, description, status, previous_status, task_type, due_date, is_review_required, is_reviewed, parent_task_id, output, is_delete) VALUES (%(assigned_to)s, %(created_by)s, %(task_name)s, %(description)s, %(status)s, %(previous_status)s, %(task_type)s, %(due_date)s, %(is_review_required)s, %(is_reviewed)s, %(parent_task_id)s, %(output)s, %(is_delete)s)]
[parameters: {'assigned_to': 0, 'created_by': 1, 'task_name': 'string', 'description': 'string', 'status': 'To_Do', 'previous_status': 'To_Do', 'task_type': 'Normal', 'due_date': datetime.date(2025, 5, 1), 'is_review_required': 0, 'is_reviewed': 0, 'parent_task_id': None, 'output': None, 'is_delete': 0}]
(Background on this error at: https://sqlalche.me/e/20/gkpj)
Traceback (most recent call last):
  File "D:\Task Management System Final code\Tasks\Create_Task.py", line 110, in add_checklist_subtask
    propagate_upwards_from_subtask_create_task(new_task.task_id)
TypeError: propagate_upwards_from_subtask_create_task() missing 2 required positional arguments: 'db' and 'Current_user'
Traceback (most recent call last):
  File "D:\Task Management System Final code\.venv\Lib\site-packages\sqlalchemy\engine\base.py", line 1964, in _exec_single_context
    self.dialect.do_execute(
  File "D:\Task Management System Final code\.venv\Lib\site-packages\sqlalchemy\engine\default.py", line 945, in do_execute
    cursor.execute(statement, parameters)
  File "D:\Task Management System Final code\.venv\Lib\site-packages\pymysql\cursors.py", line 153, in execute
    result = self._query(query)
             ^^^^^^^^^^^^^^^^^^
  File "D:\Task Management System Final code\.venv\Lib\site-packages\pymysql\cursors.py", line 322, in _query
    conn.query(q)
  File "D:\Task Management System Final code\.venv\Lib\site-packages\pymysql\connections.py", line 563, in query
    self._affected_rows = self._read_query_result(unbuffered=unbuffered)
                          ^^^^^^^^^^^^^^^^^^^^^^^^^^^^^^^^^^^^^^^^^^^^^^
  File "D:\Task Management System Final code\.venv\Lib\site-packages\pymysql\connections.py", line 825, in _read_query_result
    result.read()
  File "D:\Task Management System Final code\.venv\Lib\site-packages\pymysql\connections.py", line 1199, in read
    first_packet = self.connection._read_packet()
                   ^^^^^^^^^^^^^^^^^^^^^^^^^^^^^^
  File "D:\Task Management System Final code\.venv\Lib\site-packages\pymysql\connections.py", line 775, in _read_packet
    packet.raise_for_error()
  File "D:\Task Management System Final code\.venv\Lib\site-packages\pymysql\protocol.py", line 219, in raise_for_error
    err.raise_mysql_exception(self._data)
  File "D:\Task Management System Final code\.venv\Lib\site-packages\pymysql\err.py", line 150, in raise_mysql_exception
    raise errorclass(errno, errval)
pymysql.err.IntegrityError: (1452, 'Cannot add or update a child row: a foreign key constraint fails (`employeee_task`.`tasks`, CONSTRAINT `tasks_ibfk_1` FOREIGN KEY (`assigned_to`) REFERENCES `users` (`employee_id`))')

The above exception was the direct cause of the following exception:

Traceback (most recent call last):
  File "D:\Task Management System Final code\Tasks\Create_Task.py", line 40, in add_checklist_subtask
    db.flush()
  File "D:\Task Management System Final code\.venv\Lib\site-packages\sqlalchemy\orm\session.py", line 4353, in flush
    self._flush(objects)
  File "D:\Task Management System Final code\.venv\Lib\site-packages\sqlalchemy\orm\session.py", line 4488, in _flush
    with util.safe_reraise():
         ^^^^^^^^^^^^^^^^^^^
  File "D:\Task Management System Final code\.venv\Lib\site-packages\sqlalchemy\util\langhelpers.py", line 146, in __exit__
    raise exc_value.with_traceback(exc_tb)
  File "D:\Task Management System Final code\.venv\Lib\site-packages\sqlalchemy\orm\session.py", line 4449, in _flush
    flush_context.execute()
  File "D:\Task Management System Final code\.venv\Lib\site-packages\sqlalchemy\orm\unitofwork.py", line 466, in execute
    rec.execute(self)
  File "D:\Task Management System Final code\.venv\Lib\site-packages\sqlalchemy\orm\unitofwork.py", line 642, in execute
    util.preloaded.orm_persistence.save_obj(
  File "D:\Task Management System Final code\.venv\Lib\site-packages\sqlalchemy\orm\persistence.py", line 93, in save_obj
    _emit_insert_statements(
  File "D:\Task Management System Final code\.venv\Lib\site-packages\sqlalchemy\orm\persistence.py", line 1233, in _emit_insert_statements
    result = connection.execute(
             ^^^^^^^^^^^^^^^^^^^
  File "D:\Task Management System Final code\.venv\Lib\site-packages\sqlalchemy\engine\base.py", line 1416, in execute
    return meth(
           ^^^^^
  File "D:\Task Management System Final code\.venv\Lib\site-packages\sqlalchemy\sql\elements.py", line 523, in _execute_on_connection
    return connection._execute_clauseelement(
           ^^^^^^^^^^^^^^^^^^^^^^^^^^^^^^^^^^
  File "D:\Task Management System Final code\.venv\Lib\site-packages\sqlalchemy\engine\base.py", line 1638, in _execute_clauseelement
    ret = self._execute_context(
          ^^^^^^^^^^^^^^^^^^^^^^
  File "D:\Task Management System Final code\.venv\Lib\site-packages\sqlalchemy\engine\base.py", line 1843, in _execute_context
    return self._exec_single_context(
           ^^^^^^^^^^^^^^^^^^^^^^^^^^
  File "D:\Task Management System Final code\.venv\Lib\site-packages\sqlalchemy\engine\base.py", line 1983, in _exec_single_context
    self._handle_dbapi_exception(
  File "D:\Task Management System Final code\.venv\Lib\site-packages\sqlalchemy\engine\base.py", line 2352, in _handle_dbapi_exception
    raise sqlalchemy_exception.with_traceback(exc_info[2]) from e
  File "D:\Task Management System Final code\.venv\Lib\site-packages\sqlalchemy\engine\base.py", line 1964, in _exec_single_context
    self.dialect.do_execute(
  File "D:\Task Management System Final code\.venv\Lib\site-packages\sqlalchemy\engine\default.py", line 945, in do_execute
    cursor.execute(statement, parameters)
  File "D:\Task Management System Final code\.venv\Lib\site-packages\pymysql\cursors.py", line 153, in execute
    result = self._query(query)
             ^^^^^^^^^^^^^^^^^^
  File "D:\Task Management System Final code\.venv\Lib\site-packages\pymysql\cursors.py", line 322, in _query
    conn.query(q)
  File "D:\Task Management System Final code\.venv\Lib\site-packages\pymysql\connections.py", line 563, in query
    self._affected_rows = self._read_query_result(unbuffered=unbuffered)
                          ^^^^^^^^^^^^^^^^^^^^^^^^^^^^^^^^^^^^^^^^^^^^^^
  File "D:\Task Management System Final code\.venv\Lib\site-packages\pymysql\connections.py", line 825, in _read_query_result
    result.read()
  File "D:\Task Management System Final code\.venv\Lib\site-packages\pymysql\connections.py", line 1199, in read
    first_packet = self.connection._read_packet()
                   ^^^^^^^^^^^^^^^^^^^^^^^^^^^^^^
  File "D:\Task Management System Final code\.venv\Lib\site-packages\pymysql\connections.py", line 775, in _read_packet
    packet.raise_for_error()
  File "D:\Task Management System Final code\.venv\Lib\site-packages\pymysql\protocol.py", line 219, in raise_for_error
    err.raise_mysql_exception(self._data)
  File "D:\Task Management System Final code\.venv\Lib\site-packages\pymysql\err.py", line 150, in raise_mysql_exception
    raise errorclass(errno, errval)
sqlalchemy.exc.IntegrityError: (pymysql.err.IntegrityError) (1452, 'Cannot add or update a child row: a foreign key constraint fails (`employeee_task`.`tasks`, CONSTRAINT `tasks_ibfk_1` FOREIGN KEY (`assigned_to`) REFERENCES `users` (`employee_id`))')
[SQL: INSERT INTO tasks (assigned_to, created_by, task_name, description, status, previous_status, task_type, due_date, is_review_required, is_reviewed, parent_task_id, output, is_delete) VALUES (%(assigned_to)s, %(created_by)s, %(task_name)s, %(description)s, %(status)s, %(previous_status)s, %(task_type)s, %(due_date)s, %(is_review_required)s, %(is_reviewed)s, %(parent_task_id)s, %(output)s, %(is_delete)s)]
[parameters: {'assigned_to': 0, 'created_by': 1, 'task_name': 'string', 'description': 'string', 'status': 'To_Do', 'previous_status': 'To_Do', 'task_type': 'Normal', 'due_date': datetime.date(2025, 5, 2), 'is_review_required': 0, 'is_reviewed': 0, 'parent_task_id': None, 'output': None, 'is_delete': 0}]
(Background on this error at: https://sqlalche.me/e/20/gkpj)
2025-05-08 13:08:16,639 - create_task - INFO - Create Task endpoint hit by user_id=5
2025-05-08 13:08:16,648 - create_task - INFO - Main task created with ID=13
2025-05-08 13:08:16,666 - create_task - INFO - Checklist 22 linked to task 13
2025-05-08 13:08:16,686 - create_task - INFO - Task and dependencies committed successfully
2025-05-08 13:12:42,902 - create_task - INFO - Create Task endpoint hit by user_id=5
2025-05-08 13:12:42,916 - create_task - INFO - Main task created with ID=15
2025-05-08 13:12:42,923 - create_task - INFO - Checklist 23 linked to task 15
2025-05-08 13:12:42,957 - create_task - INFO - Task and dependencies committed successfully
2025-05-08 13:17:11,800 - create_task - INFO - Create Task endpoint hit by user_id=5
2025-05-08 13:17:11,808 - create_task - INFO - Main task created with ID=17
2025-05-08 13:17:11,816 - create_task - INFO - Checklist 24 linked to task 17
2025-05-08 13:17:11,825 - create_task - INFO - Checklist 25 linked to task 17
2025-05-08 13:17:11,833 - create_task - INFO - Checklist 26 linked to task 17
2025-05-08 13:17:11,858 - create_task - INFO - Task and dependencies committed successfully
2025-05-08 14:23:45,527 - create_task - INFO - Create Task endpoint hit by user_id=5
2025-05-08 14:23:45,530 - create_task - INFO - Main task created with ID=19
2025-05-08 14:23:45,537 - create_task - INFO - Checklist 27 linked to task 19
2025-05-08 14:23:45,548 - create_task - INFO - Checklist 28 linked to task 19
2025-05-08 14:23:45,553 - create_task - INFO - Checklist 29 linked to task 19
2025-05-08 14:23:45,568 - create_task - INFO - Task and dependencies committed successfully
2025-05-10 10:04:09,007 - create_task - INFO - Create Task endpoint hit by user_id=5
2025-05-10 10:04:09,022 - create_task - ERROR - Unexpected error while creating task
Traceback (most recent call last):
  File "D:\Task Management System Final code\.venv\Lib\site-packages\sqlalchemy\engine\base.py", line 1964, in _exec_single_context
    self.dialect.do_execute(
  File "D:\Task Management System Final code\.venv\Lib\site-packages\sqlalchemy\engine\default.py", line 945, in do_execute
    cursor.execute(statement, parameters)
  File "D:\Task Management System Final code\.venv\Lib\site-packages\pymysql\cursors.py", line 153, in execute
    result = self._query(query)
             ^^^^^^^^^^^^^^^^^^
  File "D:\Task Management System Final code\.venv\Lib\site-packages\pymysql\cursors.py", line 322, in _query
    conn.query(q)
  File "D:\Task Management System Final code\.venv\Lib\site-packages\pymysql\connections.py", line 563, in query
    self._affected_rows = self._read_query_result(unbuffered=unbuffered)
                          ^^^^^^^^^^^^^^^^^^^^^^^^^^^^^^^^^^^^^^^^^^^^^^
  File "D:\Task Management System Final code\.venv\Lib\site-packages\pymysql\connections.py", line 825, in _read_query_result
    result.read()
  File "D:\Task Management System Final code\.venv\Lib\site-packages\pymysql\connections.py", line 1199, in read
    first_packet = self.connection._read_packet()
                   ^^^^^^^^^^^^^^^^^^^^^^^^^^^^^^
  File "D:\Task Management System Final code\.venv\Lib\site-packages\pymysql\connections.py", line 775, in _read_packet
    packet.raise_for_error()
  File "D:\Task Management System Final code\.venv\Lib\site-packages\pymysql\protocol.py", line 219, in raise_for_error
    err.raise_mysql_exception(self._data)
  File "D:\Task Management System Final code\.venv\Lib\site-packages\pymysql\err.py", line 150, in raise_mysql_exception
    raise errorclass(errno, errval)
pymysql.err.IntegrityError: (1452, 'Cannot add or update a child row: a foreign key constraint fails (`employeee_task`.`tasks`, CONSTRAINT `tasks_ibfk_1` FOREIGN KEY (`assigned_to`) REFERENCES `users` (`employee_id`))')

The above exception was the direct cause of the following exception:

Traceback (most recent call last):
  File "D:\Task Management System Final code\Tasks\Create_Task.py", line 40, in add_checklist_subtask
    db.flush()
  File "D:\Task Management System Final code\.venv\Lib\site-packages\sqlalchemy\orm\session.py", line 4353, in flush
    self._flush(objects)
  File "D:\Task Management System Final code\.venv\Lib\site-packages\sqlalchemy\orm\session.py", line 4488, in _flush
    with util.safe_reraise():
         ^^^^^^^^^^^^^^^^^^^
  File "D:\Task Management System Final code\.venv\Lib\site-packages\sqlalchemy\util\langhelpers.py", line 146, in __exit__
    raise exc_value.with_traceback(exc_tb)
  File "D:\Task Management System Final code\.venv\Lib\site-packages\sqlalchemy\orm\session.py", line 4449, in _flush
    flush_context.execute()
  File "D:\Task Management System Final code\.venv\Lib\site-packages\sqlalchemy\orm\unitofwork.py", line 466, in execute
    rec.execute(self)
  File "D:\Task Management System Final code\.venv\Lib\site-packages\sqlalchemy\orm\unitofwork.py", line 642, in execute
    util.preloaded.orm_persistence.save_obj(
  File "D:\Task Management System Final code\.venv\Lib\site-packages\sqlalchemy\orm\persistence.py", line 93, in save_obj
    _emit_insert_statements(
  File "D:\Task Management System Final code\.venv\Lib\site-packages\sqlalchemy\orm\persistence.py", line 1233, in _emit_insert_statements
    result = connection.execute(
             ^^^^^^^^^^^^^^^^^^^
  File "D:\Task Management System Final code\.venv\Lib\site-packages\sqlalchemy\engine\base.py", line 1416, in execute
    return meth(
           ^^^^^
  File "D:\Task Management System Final code\.venv\Lib\site-packages\sqlalchemy\sql\elements.py", line 523, in _execute_on_connection
    return connection._execute_clauseelement(
           ^^^^^^^^^^^^^^^^^^^^^^^^^^^^^^^^^^
  File "D:\Task Management System Final code\.venv\Lib\site-packages\sqlalchemy\engine\base.py", line 1638, in _execute_clauseelement
    ret = self._execute_context(
          ^^^^^^^^^^^^^^^^^^^^^^
  File "D:\Task Management System Final code\.venv\Lib\site-packages\sqlalchemy\engine\base.py", line 1843, in _execute_context
    return self._exec_single_context(
           ^^^^^^^^^^^^^^^^^^^^^^^^^^
  File "D:\Task Management System Final code\.venv\Lib\site-packages\sqlalchemy\engine\base.py", line 1983, in _exec_single_context
    self._handle_dbapi_exception(
  File "D:\Task Management System Final code\.venv\Lib\site-packages\sqlalchemy\engine\base.py", line 2352, in _handle_dbapi_exception
    raise sqlalchemy_exception.with_traceback(exc_info[2]) from e
  File "D:\Task Management System Final code\.venv\Lib\site-packages\sqlalchemy\engine\base.py", line 1964, in _exec_single_context
    self.dialect.do_execute(
  File "D:\Task Management System Final code\.venv\Lib\site-packages\sqlalchemy\engine\default.py", line 945, in do_execute
    cursor.execute(statement, parameters)
  File "D:\Task Management System Final code\.venv\Lib\site-packages\pymysql\cursors.py", line 153, in execute
    result = self._query(query)
             ^^^^^^^^^^^^^^^^^^
  File "D:\Task Management System Final code\.venv\Lib\site-packages\pymysql\cursors.py", line 322, in _query
    conn.query(q)
  File "D:\Task Management System Final code\.venv\Lib\site-packages\pymysql\connections.py", line 563, in query
    self._affected_rows = self._read_query_result(unbuffered=unbuffered)
                          ^^^^^^^^^^^^^^^^^^^^^^^^^^^^^^^^^^^^^^^^^^^^^^
  File "D:\Task Management System Final code\.venv\Lib\site-packages\pymysql\connections.py", line 825, in _read_query_result
    result.read()
  File "D:\Task Management System Final code\.venv\Lib\site-packages\pymysql\connections.py", line 1199, in read
    first_packet = self.connection._read_packet()
                   ^^^^^^^^^^^^^^^^^^^^^^^^^^^^^^
  File "D:\Task Management System Final code\.venv\Lib\site-packages\pymysql\connections.py", line 775, in _read_packet
    packet.raise_for_error()
  File "D:\Task Management System Final code\.venv\Lib\site-packages\pymysql\protocol.py", line 219, in raise_for_error
    err.raise_mysql_exception(self._data)
  File "D:\Task Management System Final code\.venv\Lib\site-packages\pymysql\err.py", line 150, in raise_mysql_exception
    raise errorclass(errno, errval)
sqlalchemy.exc.IntegrityError: (pymysql.err.IntegrityError) (1452, 'Cannot add or update a child row: a foreign key constraint fails (`employeee_task`.`tasks`, CONSTRAINT `tasks_ibfk_1` FOREIGN KEY (`assigned_to`) REFERENCES `users` (`employee_id`))')
[SQL: INSERT INTO tasks (assigned_to, created_by, task_name, description, status, previous_status, task_type, due_date, is_review_required, is_reviewed, parent_task_id, output, is_delete) VALUES (%(assigned_to)s, %(created_by)s, %(task_name)s, %(description)s, %(status)s, %(previous_status)s, %(task_type)s, %(due_date)s, %(is_review_required)s, %(is_reviewed)s, %(parent_task_id)s, %(output)s, %(is_delete)s)]
[parameters: {'assigned_to': 0, 'created_by': 5, 'task_name': 'final', 'description': 'string', 'status': 'To_Do', 'previous_status': 'To_Do', 'task_type': 'Normal', 'due_date': datetime.date(2025, 5, 10), 'is_review_required': 1, 'is_reviewed': 0, 'parent_task_id': None, 'output': None, 'is_delete': 0}]
(Background on this error at: https://sqlalche.me/e/20/gkpj)
2025-05-10 10:04:30,820 - create_task - INFO - Create Task endpoint hit by user_id=5
2025-05-10 10:04:30,826 - create_task - INFO - Main task created with ID=22
2025-05-10 10:04:30,865 - create_task - INFO - Checklist 30 linked to task 22
2025-05-10 10:04:30,881 - create_task - INFO - Task and dependencies committed successfully
2025-05-10 10:08:09,559 - create_task - INFO - Create Task endpoint hit by user_id=5
2025-05-10 10:08:09,559 - create_task - INFO - Main task created with ID=24
2025-05-10 10:08:09,559 - create_task - INFO - Checklist 37 linked to task 24
2025-05-10 10:08:09,570 - create_task - INFO - Subtask 24 linked to checklist 36
2025-05-10 10:08:09,575 - create_task - INFO - Task and dependencies committed successfully
2025-05-10 10:17:03,244 - create_task - INFO - Create Task endpoint hit by user_id=5
2025-05-10 10:17:03,247 - create_task - INFO - Main task created with ID=26
2025-05-10 10:17:03,255 - create_task - INFO - Checklist 44 linked to task 26
2025-05-10 10:17:03,263 - create_task - INFO - Task and dependencies committed successfully
2025-05-10 10:18:23,366 - create_task - INFO - Create Task endpoint hit by user_id=5
2025-05-10 10:18:23,367 - create_task - INFO - Main task created with ID=28
2025-05-10 10:18:23,374 - create_task - INFO - Checklist 45 linked to task 28
2025-05-10 10:18:23,384 - create_task - INFO - Task and dependencies committed successfully
2025-05-10 10:18:40,600 - create_task - INFO - Create Task endpoint hit by user_id=5
2025-05-10 10:18:40,600 - create_task - INFO - Main task created with ID=30
2025-05-10 10:18:40,600 - create_task - INFO - Checklist 46 linked to task 30
2025-05-10 10:18:40,615 - create_task - INFO - Task and dependencies committed successfully
2025-05-10 10:19:03,209 - create_task - INFO - Create Task endpoint hit by user_id=5
2025-05-10 10:19:03,213 - create_task - INFO - Main task created with ID=32
2025-05-10 10:19:03,220 - create_task - INFO - Checklist 47 linked to task 32
2025-05-10 10:19:03,223 - create_task - INFO - Task and dependencies committed successfully
2025-05-10 10:19:36,956 - create_task - INFO - Create Task endpoint hit by user_id=5
2025-05-10 10:19:36,961 - create_task - INFO - Main task created with ID=34
2025-05-10 10:19:36,967 - create_task - INFO - Checklist 48 linked to task 34
2025-05-10 10:19:36,974 - create_task - INFO - Task and dependencies committed successfully
2025-05-10 10:41:30,914 - create_task - INFO - Create Task endpoint hit by user_id=5
2025-05-10 10:41:30,929 - create_task - INFO - Main task created with ID=36
2025-05-10 10:41:30,945 - create_task - INFO - Checklist 50 linked to task 36
2025-05-10 10:41:30,962 - create_task - INFO - Task and dependencies committed successfully
2025-05-10 10:44:40,803 - create_task - INFO - Create Task endpoint hit by user_id=5
2025-05-10 10:44:40,803 - create_task - INFO - Main task created with ID=37
2025-05-10 10:44:40,818 - create_task - INFO - Checklist 53 linked to task 37
2025-05-10 10:44:40,835 - create_task - INFO - Task and dependencies committed successfully
2025-05-10 12:29:41,184 - create_task - INFO - Create Task endpoint hit by user_id=5
2025-05-10 12:29:41,218 - create_task - INFO - Main task created with ID=39
2025-05-10 12:29:41,252 - create_task - INFO - Checklist 60 linked to task 39
2025-05-10 12:29:41,267 - create_task - INFO - Task and dependencies committed successfully
2025-05-10 12:33:55,947 - create_task - INFO - Create Task endpoint hit by user_id=5
2025-05-10 12:33:55,947 - create_task - INFO - Main task created with ID=41
2025-05-10 12:33:55,947 - create_task - INFO - Checklist 63 linked to task 41
2025-05-10 12:33:55,961 - create_task - INFO - Task and dependencies committed successfully
2025-05-10 12:34:48,188 - create_task - INFO - Create Task endpoint hit by user_id=5
2025-05-10 12:34:48,195 - create_task - INFO - Main task created with ID=43
2025-05-10 12:34:48,204 - create_task - INFO - Checklist 66 linked to task 43
2025-05-10 12:34:48,221 - create_task - INFO - Task and dependencies committed successfully
2025-05-10 14:47:47,971 - create_task - INFO - Create Task endpoint hit by user_id=5
2025-05-10 14:47:47,978 - create_task - INFO - Main task created with ID=45
2025-05-10 14:47:47,978 - create_task - INFO - Checklist 71 linked to task 45
2025-05-10 14:47:47,996 - create_task - INFO - Task and dependencies committed successfully
2025-05-10 15:43:21,297 - create_task - INFO - Create Task endpoint hit by user_id=5
2025-05-10 15:43:21,303 - create_task - INFO - Main task created with ID=47
2025-05-10 15:43:21,320 - create_task - INFO - Checklist 74 linked to task 47
2025-05-10 15:43:21,330 - create_task - INFO - Checklist 75 linked to task 47
2025-05-10 15:43:21,336 - create_task - INFO - Checklist 76 linked to task 47
2025-05-10 15:43:21,353 - create_task - ERROR - Unexpected error while creating task
Traceback (most recent call last):
  File "C:\Users\BARANEEDHARAN\Downloads\Task-Management-System-Final-main\Task-Management-System-Final-main\Tasks\Create_Task.py", line 120, in add_checklist_subtask
    TaskChecklistLink.parent_task_id == parent_task.task_id,
                                        ^^^^^^^^^^^
UnboundLocalError: cannot access local variable 'parent_task' where it is not associated with a value
2025-05-10 15:43:28,609 - create_task - INFO - Create Task endpoint hit by user_id=5
2025-05-10 15:43:28,623 - create_task - INFO - Main task created with ID=48
2025-05-10 15:43:28,625 - create_task - INFO - Checklist 77 linked to task 48
2025-05-10 15:43:28,639 - create_task - INFO - Checklist 78 linked to task 48
2025-05-10 15:43:28,642 - create_task - INFO - Checklist 79 linked to task 48
2025-05-10 15:43:28,642 - create_task - ERROR - Unexpected error while creating task
Traceback (most recent call last):
  File "C:\Users\BARANEEDHARAN\Downloads\Task-Management-System-Final-main\Task-Management-System-Final-main\Tasks\Create_Task.py", line 120, in add_checklist_subtask
    TaskChecklistLink.parent_task_id == parent_task.task_id,
                                        ^^^^^^^^^^^
UnboundLocalError: cannot access local variable 'parent_task' where it is not associated with a value
2025-05-10 15:44:58,554 - create_task - INFO - Create Task endpoint hit by user_id=5
2025-05-10 15:44:58,567 - create_task - INFO - Main task created with ID=49
2025-05-10 15:44:58,588 - create_task - INFO - Checklist 80 linked to task 49
2025-05-10 15:44:58,594 - create_task - INFO - Checklist 81 linked to task 49
2025-05-10 15:44:58,600 - create_task - INFO - Checklist 82 linked to task 49
2025-05-10 15:44:58,610 - create_task - INFO - Task and dependencies committed successfully
2025-05-10 15:56:41,298 - create_task - INFO - Create Task endpoint hit by user_id=5
2025-05-10 15:56:41,307 - create_task - INFO - Main task created with ID=50
2025-05-10 15:56:41,323 - create_task - INFO - Checklist 85 linked to task 50
2025-05-10 15:56:41,332 - create_task - INFO - Checklist 86 linked to task 50
2025-05-10 15:56:41,349 - create_task - INFO - Checklist 87 linked to task 50
2025-05-10 15:56:41,365 - create_task - INFO - Task and dependencies committed successfully
2025-05-10 15:58:48,804 - create_task - INFO - Create Task endpoint hit by user_id=5
2025-05-10 15:58:48,813 - create_task - INFO - Main task created with ID=51
2025-05-10 15:58:48,829 - create_task - INFO - Checklist 88 linked to task 51
2025-05-10 15:58:48,836 - create_task - INFO - Checklist 89 linked to task 51
2025-05-10 15:58:48,842 - create_task - INFO - Checklist 90 linked to task 51
2025-05-10 15:58:48,918 - create_task - INFO - Task and dependencies committed successfully
2025-05-10 16:00:27,069 - create_task - INFO - Create Task endpoint hit by user_id=5
2025-05-10 16:00:27,069 - create_task - INFO - Main task created with ID=52
2025-05-10 16:00:27,094 - create_task - INFO - Checklist 91 linked to task 52
2025-05-10 16:00:27,102 - create_task - INFO - Checklist 92 linked to task 52
2025-05-10 16:00:27,102 - create_task - INFO - Checklist 93 linked to task 52
2025-05-10 16:00:27,120 - create_task - INFO - Task and dependencies committed successfully
2025-05-10 16:02:10,404 - create_task - INFO - Create Task endpoint hit by user_id=5
2025-05-10 16:02:10,421 - create_task - INFO - Main task created with ID=53
2025-05-10 16:02:10,437 - create_task - INFO - Checklist 94 linked to task 53
2025-05-10 16:02:10,438 - create_task - INFO - Checklist 95 linked to task 53
2025-05-10 16:02:10,446 - create_task - INFO - Checklist 96 linked to task 53
2025-05-10 16:02:10,463 - create_task - INFO - Task and dependencies committed successfully
2025-05-10 16:10:42,396 - create_task - INFO - Create Task endpoint hit by user_id=5
2025-05-10 16:10:42,406 - create_task - INFO - Main task created with ID=54
2025-05-10 16:10:42,422 - create_task - INFO - Checklist 97 linked to task 54
2025-05-10 16:10:42,428 - create_task - INFO - Checklist 98 linked to task 54
2025-05-10 16:10:42,428 - create_task - INFO - Checklist 99 linked to task 54
2025-05-10 16:10:42,445 - create_task - ERROR - Unexpected error while creating task
Traceback (most recent call last):
  File "C:\Users\BARANEEDHARAN\Downloads\Task-Management-System-Final-main\Task-Management-System-Final-main\Tasks\Create_Task.py", line 99, in add_checklist_subtask
    raise HTTPException(status_code=403, detail="Task not found or unauthorized")
fastapi.exceptions.HTTPException: 403: Task not found or unauthorized
2025-05-10 16:10:51,654 - create_task - INFO - Create Task endpoint hit by user_id=5
2025-05-10 16:10:51,654 - create_task - INFO - Main task created with ID=55
2025-05-10 16:10:51,667 - create_task - INFO - Checklist 100 linked to task 55
2025-05-10 16:10:51,672 - create_task - INFO - Checklist 101 linked to task 55
2025-05-10 16:10:51,676 - create_task - INFO - Checklist 102 linked to task 55
2025-05-10 16:10:51,690 - create_task - INFO - Subtask 55 linked to checklist 93
2025-05-10 16:10:51,706 - create_task - INFO - Task and dependencies committed successfully
2025-05-10 16:11:04,012 - create_task - INFO - Create Task endpoint hit by user_id=5
2025-05-10 16:11:04,015 - create_task - INFO - Main task created with ID=56
2025-05-10 16:11:04,016 - create_task - INFO - Checklist 103 linked to task 56
2025-05-10 16:11:04,022 - create_task - INFO - Checklist 104 linked to task 56
2025-05-10 16:11:04,023 - create_task - INFO - Checklist 105 linked to task 56
2025-05-10 16:11:04,033 - create_task - INFO - Task and dependencies committed successfully
2025-05-10 16:11:24,979 - create_task - INFO - Create Task endpoint hit by user_id=5
2025-05-10 16:11:24,986 - create_task - INFO - Main task created with ID=57
2025-05-10 16:11:24,986 - create_task - INFO - Checklist 106 linked to task 57
2025-05-10 16:11:24,995 - create_task - INFO - Checklist 107 linked to task 57
2025-05-10 16:11:25,000 - create_task - INFO - Checklist 108 linked to task 57
2025-05-10 16:11:25,003 - create_task - INFO - Subtask 57 linked to checklist 93
2025-05-10 16:11:25,020 - create_task - INFO - Task and dependencies committed successfully
2025-05-10 17:42:04,275 - create_task - INFO - Create Task endpoint hit by user_id=5
2025-05-10 17:42:04,308 - create_task - INFO - Main task created with ID=58
2025-05-10 17:42:04,340 - create_task - INFO - Checklist 109 linked to task 58
2025-05-10 17:42:04,344 - create_task - INFO - Checklist 110 linked to task 58
2025-05-10 17:42:04,360 - create_task - INFO - Checklist 111 linked to task 58
2025-05-10 17:42:04,386 - create_task - INFO - Task and dependencies committed successfully
2025-05-10 18:25:39,603 - create_task - INFO - Create Task endpoint hit by user_id=5
2025-05-10 18:25:39,624 - create_task - INFO - Main task created with ID=60
2025-05-10 18:25:39,653 - create_task - INFO - Checklist 112 linked to task 60
2025-05-10 18:25:39,674 - create_task - INFO - Checklist 113 linked to task 60
2025-05-10 18:25:39,682 - create_task - INFO - Checklist 114 linked to task 60
2025-05-10 18:25:39,705 - create_task - INFO - Task and dependencies committed successfully
2025-05-10 18:38:15,645 - create_task - INFO - Create Task endpoint hit by user_id=5
2025-05-10 18:38:15,658 - create_task - INFO - Main task created with ID=64
2025-05-10 18:38:15,664 - create_task - INFO - Checklist 115 linked to task 64
2025-05-10 18:38:15,674 - create_task - INFO - Checklist 116 linked to task 64
2025-05-10 18:38:15,679 - create_task - INFO - Checklist 117 linked to task 64
2025-05-10 18:38:15,695 - create_task - INFO - Task and dependencies committed successfully
2025-05-10 18:59:32,574 - create_task - INFO - Create Task endpoint hit by user_id=5
2025-05-10 18:59:32,576 - create_task - INFO - Main task created with ID=66
2025-05-10 18:59:32,581 - create_task - INFO - Checklist 118 linked to task 66
2025-05-10 18:59:32,583 - create_task - INFO - Checklist 119 linked to task 66
2025-05-10 18:59:32,585 - create_task - INFO - Checklist 120 linked to task 66
2025-05-10 18:59:32,593 - create_task - ERROR - Unexpected error while creating task
Traceback (most recent call last):
  File "C:\Users\BARANEEDHARAN\Downloads\Task-Management-System-Final-main\Task-Management-System-Final-main\Tasks\Create_Task.py", line 138, in add_checklist_subtask
    TaskChecklistLink.parent_task_id == parent_task.task_id,
                                        ^^^^^^^^^^^
UnboundLocalError: cannot access local variable 'parent_task' where it is not associated with a value
2025-05-10 19:00:05,669 - create_task - INFO - Create Task endpoint hit by user_id=5
2025-05-10 19:00:05,669 - create_task - INFO - Main task created with ID=68
2025-05-10 19:00:05,678 - create_task - INFO - Checklist 121 linked to task 68
2025-05-10 19:00:05,682 - create_task - INFO - Checklist 122 linked to task 68
2025-05-10 19:00:05,684 - create_task - INFO - Checklist 123 linked to task 68
2025-05-10 19:00:05,690 - create_task - INFO - Task and dependencies committed successfully
2025-05-10 19:00:41,426 - create_task - INFO - Create Task endpoint hit by user_id=5
2025-05-10 19:00:41,426 - create_task - INFO - Main task created with ID=70
2025-05-10 19:00:41,443 - create_task - INFO - Checklist 124 linked to task 70
2025-05-10 19:00:41,443 - create_task - INFO - Checklist 125 linked to task 70
2025-05-10 19:00:41,443 - create_task - INFO - Checklist 126 linked to task 70
2025-05-10 19:00:41,460 - create_task - INFO - Subtask 70 linked to checklist 121
2025-05-10 19:00:41,543 - create_task - INFO - Task and dependencies committed successfully
2025-05-12 10:26:08,711 - create_task - INFO - Create Task endpoint hit by user_id=5
2025-05-12 10:26:08,732 - create_task - INFO - Main task created with ID=72
2025-05-12 10:26:08,763 - create_task - INFO - Checklist 127 linked to task 72
2025-05-12 10:26:08,780 - create_task - INFO - Task and dependencies committed successfully
2025-05-12 15:01:57,996 - create_task - INFO - Create Task endpoint hit by user_id=3
2025-05-12 15:01:58,006 - create_task - INFO - Main task created with ID=1
2025-05-12 15:01:58,029 - create_task - INFO - Checklist 1 linked to task 1
2025-05-12 15:01:58,050 - create_task - INFO - Task and dependencies committed successfully
2025-05-12 15:02:18,547 - create_task - INFO - Create Task endpoint hit by user_id=3
2025-05-12 15:02:18,547 - create_task - INFO - Main task created with ID=3
2025-05-12 15:02:18,563 - create_task - INFO - Checklist 2 linked to task 3
2025-05-12 15:02:18,580 - create_task - INFO - Task and dependencies committed successfully
2025-05-12 15:02:19,299 - create_task - INFO - Create Task endpoint hit by user_id=3
2025-05-12 15:02:19,309 - create_task - INFO - Main task created with ID=5
2025-05-12 15:02:19,314 - create_task - INFO - Checklist 3 linked to task 5
2025-05-12 15:02:19,331 - create_task - INFO - Task and dependencies committed successfully
2025-05-12 15:02:28,097 - create_task - INFO - Create Task endpoint hit by user_id=3
2025-05-12 15:02:28,102 - create_task - INFO - Main task created with ID=7
2025-05-12 15:02:28,102 - create_task - INFO - Checklist 4 linked to task 7
2025-05-12 15:02:28,118 - create_task - INFO - Task and dependencies committed successfully
2025-05-12 16:09:10,550 - create_task - INFO - Create Task endpoint hit by user_id=3
2025-05-12 16:09:10,550 - create_task - INFO - Main task created with ID=8
2025-05-12 16:09:10,567 - create_task - INFO - Checklist 5 linked to task 8
2025-05-12 16:09:10,575 - create_task - INFO - Checklist 6 linked to task 8
2025-05-12 16:09:10,584 - create_task - INFO - Task and dependencies committed successfully
