Traceback (most recent call last):
  File "D:\Task Management System Final code\Tasks\Update_Task.py", line 228, in send_for_review
    status=TaskStatus.Pending.name,  # New review is pending initially
           ^^^^^^^^^^^^^^^^^^
AttributeError: type object 'TaskStatus' has no attribute 'Pending'
Traceback (most recent call last):
  File "D:\Task Management System Final code\Tasks\Update_Task.py", line 219, in send_for_review
    raise HTTPException(status_code=400, detail="Already sent for further review. Cannot send again.")
fastapi.exceptions.HTTPException: 400: Already sent for further review. Cannot send again.
Traceback (most recent call last):
  File "D:\Task Management System Final code\Tasks\Update_Task.py", line 206, in send_for_review
    raise HTTPException(status_code=400, detail="Only review tasks can send for further review.")
fastapi.exceptions.HTTPException: 400: Only review tasks can send for further review.
Traceback (most recent call last):
  File "D:\Task Management System Final code\Tasks\Update_Task.py", line 205, in send_for_review
    raise HTTPException(status_code=404, detail="Task not found or unauthorized")
fastapi.exceptions.HTTPException: 404: Task not found or unauthorized
2025-05-10 18:26:03,594 - send_for_review - INFO - POST /send_for_review called by user_id=5 for task_id=61
2025-05-10 18:26:03,610 - send_for_review - INFO - Marked task 61 as in review
2025-05-10 18:26:03,642 - send_for_review - INFO - Review task 62 created successfully
2025-05-10 18:26:14,765 - send_for_review - INFO - POST /send_for_review called by user_id=5 for task_id=62
2025-05-10 18:26:14,788 - send_for_review - INFO - Marked task 62 as in review
2025-05-10 18:26:14,799 - send_for_review - INFO - Review task 63 created successfully
