2025-05-21 15:43:10,054 - update_task - INFO - POST /update_task called by user_id=2
2025-05-21 15:43:10,065 - update_task - INFO - User 2 is updating Task 28 | Creator=True, Assignee=True
2025-05-21 15:43:10,088 - update_task - INFO - Starting propagate_completion_upwards for task_id=28
2025-05-21 15:43:10,114 - update_task - INFO - Child task 27 of review task 28 marked as Completed
2025-05-21 15:43:10,115 - update_task - INFO - propagate_completion_upwards completed for task_id=27
2025-05-21 15:43:10,122 - update_task - INFO - Task 28 updated successfully with changes: {'is_reviewed': True}
2025-05-21 16:15:58,803 - update_task - INFO - POST /update_task called by user_id=2
2025-05-21 16:15:58,803 - update_task - INFO - User 2 is updating Task 28 | Creator=True, Assignee=True
2025-05-21 16:15:58,842 - update_task - INFO - Starting reverse_completion_from_review for task_id=28
2025-05-21 16:15:58,850 - update_task - INFO - Review task 28 reverted to TaskStatus.In_ReEdit
2025-05-21 16:15:58,866 - update_task - INFO - reverse_completion_from_review completed for task_id=27
2025-05-21 16:15:58,866 - update_task - INFO - Task 28 updated successfully with changes: {'is_reviewed': False}
2025-05-21 16:16:13,630 - update_task - INFO - POST /update_task called by user_id=2
2025-05-21 16:16:13,630 - update_task - INFO - User 2 is updating Task 28 | Creator=True, Assignee=True
2025-05-21 16:16:13,647 - update_task - INFO - Starting propagate_completion_upwards for task_id=28
2025-05-21 16:16:13,647 - update_task - INFO - Child task 27 of review task 28 marked as Completed
2025-05-21 16:16:13,678 - update_task - INFO - propagate_completion_upwards completed for task_id=27
2025-05-21 16:16:13,691 - update_task - INFO - Task 28 updated successfully with changes: {'is_reviewed': True}
2025-05-21 17:05:49,981 - update_task - INFO - POST /update_task called by user_id=2
2025-05-21 17:05:49,986 - update_task - INFO - User 2 is updating Task 28 | Creator=True, Assignee=True
2025-05-21 17:05:50,030 - update_task - INFO - Starting reverse_completion_from_review for task_id=28
2025-05-21 17:05:50,034 - update_task - INFO - Review task 28 reverted to TaskStatus.In_ReEdit
2025-05-21 17:05:50,049 - update_task - INFO - reverse_completion_from_review completed for task_id=27
2025-05-21 17:05:50,051 - update_task - INFO - Task 28 updated successfully with changes: {'is_reviewed': False}
2025-05-21 17:06:24,359 - update_task - INFO - POST /update_task called by user_id=2
2025-05-21 17:06:24,359 - update_task - INFO - User 2 is updating Task 28 | Creator=True, Assignee=True
2025-05-21 17:06:24,389 - update_task - INFO - Starting propagate_completion_upwards for task_id=28
2025-05-21 17:06:24,401 - update_task - INFO - propagate_completion_upwards completed for task_id=28
2025-05-21 17:06:24,409 - update_task - INFO - Task 28 updated successfully with changes: {'is_reviewed': True}
2025-05-21 17:08:06,977 - update_task - INFO - POST /update_task called by user_id=2
2025-05-21 17:08:06,977 - update_task - INFO - User 2 is updating Task 28 | Creator=True, Assignee=True
2025-05-21 17:08:07,008 - update_task - INFO - Starting reverse_completion_from_review for task_id=28
2025-05-21 17:08:07,032 - update_task - INFO - Review task 28 reverted to TaskStatus.To_Do
2025-05-21 17:08:07,039 - update_task - INFO - reverse_completion_from_review completed for task_id=27
2025-05-21 17:08:07,039 - update_task - INFO - Task 28 updated successfully with changes: {'is_reviewed': False}
2025-05-21 17:08:11,431 - update_task - INFO - POST /update_task called by user_id=2
2025-05-21 17:08:11,431 - update_task - INFO - User 2 is updating Task 28 | Creator=True, Assignee=True
2025-05-21 17:08:11,463 - update_task - INFO - Starting propagate_completion_upwards for task_id=28
2025-05-21 17:08:11,482 - update_task - INFO - propagate_completion_upwards completed for task_id=28
2025-05-21 17:08:11,490 - update_task - INFO - Task 28 updated successfully with changes: {'is_reviewed': True}
2025-05-21 17:11:03,559 - update_task - INFO - POST /update_task called by user_id=2
2025-05-21 17:11:03,559 - update_task - INFO - User 2 is updating Task 28 | Creator=True, Assignee=True
2025-05-21 17:11:03,584 - update_task - INFO - Starting reverse_completion_from_review for task_id=28
2025-05-21 17:11:03,599 - update_task - INFO - Review task 28 reverted to TaskStatus.To_Do
2025-05-21 17:11:03,599 - update_task - INFO - reverse_completion_from_review completed for task_id=27
2025-05-21 17:11:03,609 - update_task - INFO - Task 28 updated successfully with changes: {'is_reviewed': False}
2025-05-21 17:11:15,783 - update_task - INFO - POST /update_task called by user_id=2
2025-05-21 17:11:15,788 - update_task - INFO - User 2 is updating Task 28 | Creator=True, Assignee=True
2025-05-21 17:11:15,816 - update_task - INFO - Starting propagate_completion_upwards for task_id=28
2025-05-21 17:11:15,830 - update_task - INFO - propagate_completion_upwards completed for task_id=28
2025-05-21 17:11:15,837 - update_task - INFO - Task 28 updated successfully with changes: {'is_reviewed': True}
2025-05-21 17:11:56,951 - update_task - INFO - POST /update_task called by user_id=2
2025-05-21 17:11:56,952 - update_task - INFO - User 2 is updating Task 28 | Creator=True, Assignee=True
2025-05-21 17:11:57,001 - update_task - INFO - Starting reverse_completion_from_review for task_id=28
2025-05-21 17:11:57,017 - update_task - INFO - Review task 28 reverted to TaskStatus.To_Do
2025-05-21 17:11:57,021 - update_task - INFO - reverse_completion_from_review completed for task_id=27
2025-05-21 17:11:57,021 - update_task - INFO - Task 28 updated successfully with changes: {'is_reviewed': False}
2025-05-21 17:12:05,128 - update_task - INFO - POST /update_task called by user_id=2
2025-05-21 17:12:05,136 - update_task - INFO - User 2 is updating Task 28 | Creator=True, Assignee=True
2025-05-21 17:12:05,161 - update_task - INFO - Starting propagate_completion_upwards for task_id=28
2025-05-21 17:12:05,169 - update_task - INFO - propagate_completion_upwards completed for task_id=28
2025-05-21 17:12:05,174 - update_task - INFO - Task 28 updated successfully with changes: {'is_reviewed': True}
2025-05-21 17:12:09,135 - update_task - INFO - POST /update_task called by user_id=2
2025-05-21 17:12:09,135 - update_task - INFO - User 2 is updating Task 28 | Creator=True, Assignee=True
2025-05-21 17:12:09,143 - update_task - INFO - Starting reverse_completion_from_review for task_id=28
2025-05-21 17:12:09,151 - update_task - INFO - Review task 28 reverted to TaskStatus.To_Do
2025-05-21 17:12:09,151 - update_task - INFO - reverse_completion_from_review completed for task_id=27
2025-05-21 17:12:09,151 - update_task - INFO - Task 28 updated successfully with changes: {'is_reviewed': False}
2025-05-21 17:12:09,886 - update_task - INFO - POST /update_task called by user_id=2
2025-05-21 17:12:09,886 - update_task - INFO - User 2 is updating Task 28 | Creator=True, Assignee=True
2025-05-21 17:12:09,895 - update_task - INFO - Starting propagate_completion_upwards for task_id=28
2025-05-21 17:12:09,903 - update_task - INFO - propagate_completion_upwards completed for task_id=28
2025-05-21 17:12:09,906 - update_task - INFO - Task 28 updated successfully with changes: {'is_reviewed': True}
2025-05-21 17:12:10,535 - update_task - INFO - POST /update_task called by user_id=2
2025-05-21 17:12:10,537 - update_task - INFO - User 2 is updating Task 28 | Creator=True, Assignee=True
2025-05-21 17:12:10,538 - update_task - INFO - Starting reverse_completion_from_review for task_id=28
2025-05-21 17:12:10,543 - update_task - INFO - Review task 28 reverted to TaskStatus.To_Do
2025-05-21 17:12:10,543 - update_task - INFO - reverse_completion_from_review completed for task_id=27
2025-05-21 17:12:10,551 - update_task - INFO - Task 28 updated successfully with changes: {'is_reviewed': False}
2025-05-21 17:12:10,729 - update_task - INFO - POST /update_task called by user_id=2
2025-05-21 17:12:10,729 - update_task - INFO - User 2 is updating Task 28 | Creator=True, Assignee=True
2025-05-21 17:12:10,737 - update_task - INFO - Starting propagate_completion_upwards for task_id=28
2025-05-21 17:12:10,745 - update_task - INFO - propagate_completion_upwards completed for task_id=28
2025-05-21 17:12:10,745 - update_task - INFO - Task 28 updated successfully with changes: {'is_reviewed': True}
2025-05-21 17:12:13,559 - update_task - INFO - POST /update_task called by user_id=2
2025-05-21 17:12:13,567 - update_task - INFO - User 2 is updating Task 28 | Creator=True, Assignee=True
2025-05-21 17:12:13,575 - update_task - INFO - Starting reverse_completion_from_review for task_id=28
2025-05-21 17:12:13,584 - update_task - INFO - Review task 28 reverted to TaskStatus.To_Do
2025-05-21 17:12:13,584 - update_task - INFO - reverse_completion_from_review completed for task_id=27
2025-05-21 17:12:13,593 - update_task - INFO - Task 28 updated successfully with changes: {'is_reviewed': False}
2025-05-21 17:12:41,628 - update_task - INFO - POST /update_task called by user_id=2
2025-05-21 17:12:41,628 - update_task - INFO - User 2 is updating Task 28 | Creator=True, Assignee=True
2025-05-21 17:12:41,642 - update_task - INFO - Starting propagate_completion_upwards for task_id=28
2025-05-21 17:12:41,653 - update_task - INFO - propagate_completion_upwards completed for task_id=28
2025-05-21 17:12:41,657 - update_task - INFO - Task 28 updated successfully with changes: {'is_reviewed': True}
2025-05-21 17:13:13,150 - update_task - INFO - POST /update_task called by user_id=2
2025-05-21 17:13:13,150 - update_task - INFO - User 2 is updating Task 28 | Creator=True, Assignee=True
2025-05-21 17:13:13,157 - update_task - INFO - Starting reverse_completion_from_review for task_id=28
2025-05-21 17:13:13,165 - update_task - INFO - Review task 28 reverted to TaskStatus.To_Do
2025-05-21 17:13:13,165 - update_task - INFO - reverse_completion_from_review completed for task_id=27
2025-05-21 17:13:13,172 - update_task - INFO - Task 28 updated successfully with changes: {'is_reviewed': False}
2025-05-21 17:17:53,206 - update_task - INFO - POST /update_task called by user_id=2
2025-05-21 17:17:53,213 - update_task - INFO - User 2 is updating Task 28 | Creator=True, Assignee=True
2025-05-21 17:17:53,246 - update_task - INFO - Starting propagate_completion_upwards for task_id=28
2025-05-21 17:17:53,260 - update_task - INFO - propagate_completion_upwards completed for task_id=28
2025-05-21 17:17:53,268 - update_task - INFO - Task 28 updated successfully with changes: {'is_reviewed': True}
2025-05-21 17:20:20,102 - update_task - INFO - POST /update_task called by user_id=2
2025-05-21 17:20:20,102 - update_task - INFO - User 2 is updating Task 28 | Creator=True, Assignee=True
2025-05-21 17:20:20,120 - update_task - INFO - Starting reverse_completion_from_review for task_id=28
2025-05-21 17:20:20,126 - update_task - INFO - Review task 28 reverted to TaskStatus.To_Do
2025-05-21 17:20:20,137 - update_task - INFO - reverse_completion_from_review completed for task_id=27
2025-05-21 17:20:20,139 - update_task - INFO - Task 28 updated successfully with changes: {'is_reviewed': False}
2025-05-21 17:20:21,813 - update_task - INFO - POST /update_task called by user_id=2
2025-05-21 17:20:21,813 - update_task - INFO - User 2 is updating Task 28 | Creator=True, Assignee=True
2025-05-21 17:20:21,838 - update_task - INFO - Starting propagate_completion_upwards for task_id=28
2025-05-21 17:20:21,857 - update_task - ERROR - Unexpected error while updating task
Traceback (most recent call last):
  File "D:\Final Ve4rsions\Task management System\task-management-system\Tasks\Update_Task.py", line 164, in update_task
    result = propagate_completion_upwards(task, db, Current_user.employee_id, logger, Current_user)
             ^^^^^^^^^^^^^^^^^^^^^^^^^^^^^^^^^^^^^^^^^^^^^^^^^^^^^^^^^^^^^^^^^^^^^^^^^^^^^^^^^^^^^^
  File "D:\Final Ve4rsions\Task management System\task-management-system\Tasks\functions.py", line 23, in propagate_completion_upwards
    print(child_task.task_id)
          ^^^^^^^^^^^^^^^^^^
AttributeError: 'NoneType' object has no attribute 'task_id'
2025-05-21 17:20:28,058 - update_task - INFO - POST /update_task called by user_id=2
2025-05-21 17:20:28,065 - update_task - INFO - User 2 is updating Task 28 | Creator=True, Assignee=True
2025-05-21 17:20:28,081 - update_task - INFO - Starting propagate_completion_upwards for task_id=28
2025-05-21 17:20:28,097 - update_task - ERROR - Unexpected error while updating task
Traceback (most recent call last):
  File "D:\Final Ve4rsions\Task management System\task-management-system\Tasks\Update_Task.py", line 164, in update_task
    result = propagate_completion_upwards(task, db, Current_user.employee_id, logger, Current_user)
             ^^^^^^^^^^^^^^^^^^^^^^^^^^^^^^^^^^^^^^^^^^^^^^^^^^^^^^^^^^^^^^^^^^^^^^^^^^^^^^^^^^^^^^
  File "D:\Final Ve4rsions\Task management System\task-management-system\Tasks\functions.py", line 23, in propagate_completion_upwards
    print(child_task.task_id)
          ^^^^^^^^^^^^^^^^^^
AttributeError: 'NoneType' object has no attribute 'task_id'
2025-05-21 17:23:59,869 - update_task - INFO - POST /update_task called by user_id=2
2025-05-21 17:23:59,877 - update_task - INFO - User 2 is updating Task 28 | Creator=True, Assignee=True
2025-05-21 17:23:59,926 - update_task - INFO - Starting propagate_completion_upwards for task_id=28
2025-05-21 17:23:59,942 - update_task - ERROR - Unexpected error while updating task
Traceback (most recent call last):
  File "D:\Final Ve4rsions\Task management System\task-management-system\Tasks\Update_Task.py", line 164, in update_task
    result = propagate_completion_upwards(task, db, Current_user.employee_id, logger, Current_user)
             ^^^^^^^^^^^^^^^^^^^^^^^^^^^^^^^^^^^^^^^^^^^^^^^^^^^^^^^^^^^^^^^^^^^^^^^^^^^^^^^^^^^^^^
  File "D:\Final Ve4rsions\Task management System\task-management-system\Tasks\functions.py", line 24, in propagate_completion_upwards
    print(child_task.task_id)
          ^^^^^^^^^^^^^^^^^^
AttributeError: 'NoneType' object has no attribute 'task_id'
2025-05-21 17:24:04,331 - update_task - INFO - POST /update_task called by user_id=2
2025-05-21 17:24:04,331 - update_task - INFO - User 2 is updating Task 28 | Creator=True, Assignee=True
2025-05-21 17:24:04,352 - update_task - INFO - Starting propagate_completion_upwards for task_id=28
2025-05-21 17:24:04,360 - update_task - ERROR - Unexpected error while updating task
Traceback (most recent call last):
  File "D:\Final Ve4rsions\Task management System\task-management-system\Tasks\Update_Task.py", line 164, in update_task
    result = propagate_completion_upwards(task, db, Current_user.employee_id, logger, Current_user)
             ^^^^^^^^^^^^^^^^^^^^^^^^^^^^^^^^^^^^^^^^^^^^^^^^^^^^^^^^^^^^^^^^^^^^^^^^^^^^^^^^^^^^^^
  File "D:\Final Ve4rsions\Task management System\task-management-system\Tasks\functions.py", line 24, in propagate_completion_upwards
    print(child_task.task_id)
          ^^^^^^^^^^^^^^^^^^
AttributeError: 'NoneType' object has no attribute 'task_id'
2025-05-21 17:24:57,146 - update_task - INFO - POST /update_task called by user_id=2
2025-05-21 17:24:57,154 - update_task - INFO - User 2 is updating Task 28 | Creator=True, Assignee=True
2025-05-21 17:24:57,186 - update_task - INFO - Starting propagate_completion_upwards for task_id=28
2025-05-21 17:24:57,199 - update_task - INFO - Child task 27 marked as Completed as child of task 28
2025-05-21 17:24:57,211 - update_task - ERROR - Unexpected error while updating task
Traceback (most recent call last):
  File "D:\Final Ve4rsions\Task management System\task-management-system\Tasks\Update_Task.py", line 164, in update_task
    result = propagate_completion_upwards(task, db, Current_user.employee_id, logger, Current_user)
             ^^^^^^^^^^^^^^^^^^^^^^^^^^^^^^^^^^^^^^^^^^^^^^^^^^^^^^^^^^^^^^^^^^^^^^^^^^^^^^^^^^^^^^
  File "D:\Final Ve4rsions\Task management System\task-management-system\Tasks\functions.py", line 24, in propagate_completion_upwards
    print(child_task.task_id)
          ^^^^^^^^^^^^^^^^^^
AttributeError: 'NoneType' object has no attribute 'task_id'
2025-05-21 17:25:24,597 - update_task - INFO - POST /update_task called by user_id=2
2025-05-21 17:25:24,602 - update_task - INFO - User 2 is updating Task 28 | Creator=True, Assignee=True
2025-05-21 17:25:24,618 - update_task - INFO - Starting propagate_completion_upwards for task_id=28
2025-05-21 17:25:24,626 - update_task - INFO - Child task 27 marked as Completed as child of task 28
2025-05-21 17:25:24,631 - update_task - ERROR - Unexpected error while updating task
Traceback (most recent call last):
  File "D:\Final Ve4rsions\Task management System\task-management-system\Tasks\Update_Task.py", line 164, in update_task
    result = propagate_completion_upwards(task, db, Current_user.employee_id, logger, Current_user)
             ^^^^^^^^^^^^^^^^^^^^^^^^^^^^^^^^^^^^^^^^^^^^^^^^^^^^^^^^^^^^^^^^^^^^^^^^^^^^^^^^^^^^^^
  File "D:\Final Ve4rsions\Task management System\task-management-system\Tasks\functions.py", line 24, in propagate_completion_upwards
    print(child_task.task_id)
          ^^^^^^^^^^^^^^^^^^
AttributeError: 'NoneType' object has no attribute 'task_id'
2025-05-21 17:26:46,495 - update_task - INFO - POST /update_task called by user_id=2
2025-05-21 17:26:46,495 - update_task - INFO - User 2 is updating Task 28 | Creator=True, Assignee=True
2025-05-21 17:26:46,543 - update_task - INFO - Starting propagate_completion_upwards for task_id=28
2025-05-21 17:26:46,559 - update_task - INFO - Child task 27 marked as Completed as child of task 28
2025-05-21 17:26:46,575 - update_task - INFO - propagate_completion_upwards completed for task_id=27
2025-05-21 17:26:46,575 - update_task - INFO - Task 28 updated successfully with changes: {'is_reviewed': True}
2025-05-21 17:35:17,842 - update_task - INFO - POST /update_task called by user_id=2
2025-05-21 17:35:17,842 - update_task - INFO - User 2 is updating Task 29 | Creator=True, Assignee=False
2025-05-21 17:35:17,849 - update_task - INFO - is_review_required set to True
2025-05-21 17:35:17,855 - update_task - INFO - Review task created: 30
2025-05-21 17:35:17,857 - update_task - INFO - Task 29 updated successfully with changes: {'is_review_required': True}
2025-05-21 17:37:44,774 - update_task - INFO - POST /update_task called by user_id=2
2025-05-21 17:37:44,790 - update_task - INFO - User 2 is updating Task 29 | Creator=True, Assignee=False
2025-05-21 17:37:44,806 - update_task - INFO - Review task 30 marked as deleted
2025-05-21 17:37:44,822 - update_task - INFO - Task 29 updated successfully with changes: {'is_review_required': False}
2025-05-21 17:39:31,127 - update_task - INFO - POST /update_task called by user_id=2
2025-05-21 17:39:31,132 - update_task - INFO - User 2 is updating Task 29 | Creator=True, Assignee=False
2025-05-21 17:39:31,134 - update_task - INFO - is_review_required set to True
2025-05-21 17:39:31,142 - update_task - INFO - Re-enabled review task 30
2025-05-21 17:39:31,142 - update_task - INFO - Task 29 updated successfully with changes: {'is_review_required': True}
2025-05-22 10:30:52,694 - update_task - INFO - POST /update_task called by user_id=7
2025-05-22 10:30:52,697 - update_task - INFO - User 7 is updating Task 32 | Creator=False, Assignee=True
2025-05-22 10:30:52,704 - update_task - INFO - Task 32 updated successfully with changes: {'output': 'testing'}
2025-05-22 10:30:54,010 - update_task - INFO - POST /update_task called by user_id=7
2025-05-22 10:30:54,017 - update_task - INFO - User 7 is updating Task 32 | Creator=False, Assignee=True
2025-05-22 10:30:54,024 - update_task - INFO - Task 32 updated successfully with changes: {'output': 'testing\n'}
2025-05-22 10:31:41,281 - update_task - INFO - POST /update_task called by user_id=2
2025-05-22 10:31:41,285 - update_task - INFO - User 2 is updating Task 34 | Creator=False, Assignee=True
2025-05-22 10:31:41,308 - update_task - INFO - Starting propagate_completion_upwards for task_id=34
2025-05-22 10:31:41,311 - update_task - INFO - Child task 33 marked as Completed as child of task 34
2025-05-22 10:31:41,326 - update_task - INFO - Child task 32 marked as Completed as child of task 33
2025-05-22 10:31:41,326 - update_task - INFO - propagate_completion_upwards completed for task_id=32
2025-05-22 10:31:41,326 - update_task - INFO - Task 34 updated successfully with changes: {'is_reviewed': True}
2025-05-22 10:36:18,894 - update_task - INFO - POST /update_task called by user_id=2
2025-05-22 10:36:18,894 - update_task - INFO - User 2 is updating Task 34 | Creator=False, Assignee=True
2025-05-22 10:36:18,910 - update_task - INFO - Starting reverse_completion_from_review for task_id=34
2025-05-22 10:36:18,925 - update_task - INFO - Review task 34 reverted to TaskStatus.To_Do
2025-05-22 10:36:18,927 - update_task - INFO - Review task 33 reverted to TaskStatus.In_Review
2025-05-22 10:36:18,942 - update_task - INFO - Reverting normal task 32 from Completed to TaskStatus.In_Review
2025-05-22 10:36:18,942 - update_task - INFO - reverse_completion_from_review completed for task_id=32
2025-05-22 10:36:18,954 - update_task - INFO - Task 34 updated successfully with changes: {'is_reviewed': False}
2025-05-22 10:42:20,330 - update_task - INFO - POST /update_task called by user_id=2
2025-05-22 10:42:20,330 - update_task - INFO - User 2 is updating Task 34 | Creator=False, Assignee=True
2025-05-22 10:42:20,380 - update_task - INFO - Starting propagate_completion_upwards for task_id=34
2025-05-22 10:42:20,391 - update_task - INFO - Child task 33 marked as Completed as child of task 34
2025-05-22 10:42:20,391 - update_task - INFO - Child task 32 marked as Completed as child of task 33
2025-05-22 10:42:20,407 - update_task - INFO - propagate_completion_upwards completed for task_id=32
2025-05-22 10:42:20,407 - update_task - INFO - Task 34 updated successfully with changes: {'is_reviewed': True}
2025-05-22 10:42:58,261 - update_task - INFO - POST /update_task called by user_id=2
2025-05-22 10:42:58,261 - update_task - INFO - User 2 is updating Task 34 | Creator=False, Assignee=True
2025-05-22 10:42:58,280 - update_task - INFO - Starting reverse_completion_from_review for task_id=34
2025-05-22 10:42:58,281 - update_task - INFO - Review task 34 reverted to TaskStatus.To_Do
2025-05-22 10:42:58,294 - update_task - INFO - Review task 33 reverted to TaskStatus.In_Review
2025-05-22 10:42:58,296 - update_task - INFO - Reverting normal task 32 from Completed to TaskStatus.In_Review
2025-05-22 10:42:58,298 - update_task - INFO - reverse_completion_from_review completed for task_id=32
2025-05-22 10:42:58,301 - update_task - INFO - Task 34 updated successfully with changes: {'is_reviewed': False}
2025-05-22 10:44:37,300 - update_task - INFO - POST /update_task called by user_id=2
2025-05-22 10:44:37,304 - update_task - INFO - User 2 is updating Task 34 | Creator=False, Assignee=True
2025-05-22 10:44:37,338 - update_task - INFO - Starting propagate_completion_upwards for task_id=34
2025-05-22 10:44:37,338 - update_task - INFO - Child task 33 marked as Completed as child of task 34
2025-05-22 10:44:37,359 - update_task - INFO - Child task 32 marked as Completed as child of task 33
2025-05-22 10:44:37,368 - update_task - INFO - propagate_completion_upwards completed for task_id=32
2025-05-22 10:44:37,373 - update_task - INFO - Task 34 updated successfully with changes: {'is_reviewed': True}
2025-05-22 10:44:43,146 - update_task - INFO - POST /update_task called by user_id=2
2025-05-22 10:44:43,146 - update_task - INFO - User 2 is updating Task 34 | Creator=False, Assignee=True
2025-05-22 10:44:43,161 - update_task - INFO - Starting reverse_completion_from_review for task_id=34
2025-05-22 10:44:43,161 - update_task - INFO - Review task 34 reverted to TaskStatus.To_Do
2025-05-22 10:44:43,175 - update_task - INFO - Review task 33 reverted to TaskStatus.In_Review
2025-05-22 10:44:43,175 - update_task - INFO - Reverting normal task 32 from Completed to TaskStatus.In_Review
2025-05-22 10:44:43,175 - update_task - INFO - reverse_completion_from_review completed for task_id=32
2025-05-22 10:44:43,194 - update_task - INFO - Task 34 updated successfully with changes: {'is_reviewed': False}
2025-05-22 10:46:37,019 - update_task - INFO - POST /update_task called by user_id=2
2025-05-22 10:46:37,034 - update_task - INFO - User 2 is updating Task 34 | Creator=False, Assignee=True
2025-05-22 10:46:37,066 - update_task - INFO - Starting propagate_completion_upwards for task_id=34
2025-05-22 10:46:37,089 - update_task - INFO - Child task 33 marked as Completed as child of task 34
2025-05-22 10:46:37,089 - update_task - INFO - Child task 32 marked as Completed as child of task 33
2025-05-22 10:46:37,098 - update_task - INFO - propagate_completion_upwards completed for task_id=32
2025-05-22 10:46:37,098 - update_task - INFO - Task 34 updated successfully with changes: {'is_reviewed': True}
2025-05-22 10:46:52,221 - update_task - INFO - POST /update_task called by user_id=2
2025-05-22 10:46:52,223 - update_task - INFO - User 2 is updating Task 34 | Creator=False, Assignee=True
2025-05-22 10:46:52,237 - update_task - INFO - Starting reverse_completion_from_review for task_id=34
2025-05-22 10:46:52,258 - update_task - INFO - Review task 34 reverted to TaskStatus.To_Do
2025-05-22 10:46:52,273 - update_task - INFO - Review task 33 reverted to TaskStatus.In_Review
2025-05-22 10:46:52,283 - update_task - INFO - Reverting normal task 32 from Completed to TaskStatus.In_Review
2025-05-22 10:46:52,299 - update_task - INFO - reverse_completion_from_review completed for task_id=32
2025-05-22 10:46:52,299 - update_task - INFO - Task 34 updated successfully with changes: {'is_reviewed': False}
2025-05-22 18:17:19,864 - update_task - INFO - POST /update_task called by user_id=7
2025-05-22 18:17:19,874 - update_task - INFO - User 7 is updating Task 69 | Creator=True, Assignee=False
2025-05-22 18:17:19,874 - update_task - INFO - is_review_required set to True
2025-05-22 18:17:19,884 - update_task - INFO - Review task created: 70
2025-05-22 18:17:19,897 - update_task - INFO - Task 69 updated successfully with changes: {'is_review_required': True}
2025-05-22 18:19:34,374 - update_task - INFO - POST /update_task called by user_id=7
2025-05-22 18:19:34,377 - update_task - INFO - User 7 is updating Task 58 | Creator=True, Assignee=True
2025-05-22 18:19:34,378 - update_task - INFO - is_review_required set to True
2025-05-22 18:19:34,383 - update_task - INFO - Review task created: 72
2025-05-22 18:19:34,385 - update_task - INFO - Task 58 updated successfully with changes: {'is_review_required': True}
2025-05-22 18:19:35,082 - update_task - INFO - POST /update_task called by user_id=7
2025-05-22 18:19:35,087 - update_task - INFO - User 7 is updating Task 58 | Creator=True, Assignee=True
2025-05-22 18:19:35,098 - update_task - INFO - Review task 72 marked as deleted
2025-05-22 18:19:35,103 - update_task - INFO - Task 58 updated successfully with changes: {'is_review_required': False}
2025-05-22 18:19:44,741 - update_task - INFO - POST /update_task called by user_id=7
2025-05-22 18:19:44,744 - update_task - INFO - User 7 is updating Task 58 | Creator=True, Assignee=True
2025-05-22 18:19:44,746 - update_task - INFO - is_review_required set to True
2025-05-22 18:19:44,751 - update_task - INFO - Re-enabled review task 72
2025-05-22 18:19:44,757 - update_task - INFO - Task 58 updated successfully with changes: {'is_review_required': True}
2025-05-22 18:19:45,316 - update_task - INFO - POST /update_task called by user_id=7
2025-05-22 18:19:45,318 - update_task - INFO - User 7 is updating Task 58 | Creator=True, Assignee=True
2025-05-22 18:19:45,323 - update_task - INFO - Review task 72 marked as deleted
2025-05-22 18:19:45,328 - update_task - INFO - Task 58 updated successfully with changes: {'is_review_required': False}
2025-05-22 18:19:46,369 - update_task - INFO - POST /update_task called by user_id=7
2025-05-22 18:19:46,371 - update_task - INFO - User 7 is updating Task 58 | Creator=True, Assignee=True
2025-05-22 18:19:46,373 - update_task - INFO - is_review_required set to True
2025-05-22 18:19:46,376 - update_task - INFO - Re-enabled review task 72
2025-05-22 18:19:46,383 - update_task - INFO - Task 58 updated successfully with changes: {'is_review_required': True}
2025-05-22 18:19:46,974 - update_task - INFO - POST /update_task called by user_id=7
2025-05-22 18:19:46,976 - update_task - INFO - User 7 is updating Task 58 | Creator=True, Assignee=True
2025-05-22 18:19:46,981 - update_task - INFO - Review task 72 marked as deleted
2025-05-22 18:19:46,988 - update_task - INFO - Task 58 updated successfully with changes: {'is_review_required': False}
2025-05-22 18:21:35,029 - update_task - INFO - POST /update_task called by user_id=7
2025-05-22 18:21:35,031 - update_task - INFO - User 7 is updating Task 58 | Creator=True, Assignee=True
2025-05-22 18:21:35,033 - update_task - INFO - is_review_required set to True
2025-05-22 18:21:35,038 - update_task - INFO - Re-enabled review task 72
2025-05-22 18:21:35,044 - update_task - INFO - Task 58 updated successfully with changes: {'is_review_required': True}
2025-05-22 18:21:35,391 - update_task - INFO - POST /update_task called by user_id=7
2025-05-22 18:21:35,394 - update_task - INFO - User 7 is updating Task 58 | Creator=True, Assignee=True
2025-05-22 18:21:35,401 - update_task - INFO - Review task 72 marked as deleted
2025-05-22 18:21:35,407 - update_task - INFO - Task 58 updated successfully with changes: {'is_review_required': False}
2025-05-22 18:21:38,650 - update_task - INFO - POST /update_task called by user_id=7
2025-05-22 18:21:38,655 - update_task - INFO - User 7 is updating Task 58 | Creator=True, Assignee=True
2025-05-22 18:21:38,660 - update_task - INFO - is_review_required set to True
2025-05-22 18:21:38,672 - update_task - INFO - Re-enabled review task 72
2025-05-22 18:21:38,680 - update_task - INFO - Task 58 updated successfully with changes: {'is_review_required': True}
2025-05-22 18:21:39,154 - update_task - INFO - POST /update_task called by user_id=7
2025-05-22 18:21:39,155 - update_task - INFO - User 7 is updating Task 58 | Creator=True, Assignee=True
2025-05-22 18:21:39,164 - update_task - INFO - Review task 72 marked as deleted
2025-05-22 18:21:39,166 - update_task - INFO - Task 58 updated successfully with changes: {'is_review_required': False}
2025-05-22 18:21:44,741 - update_task - INFO - POST /update_task called by user_id=7
2025-05-22 18:21:44,742 - update_task - INFO - User 7 is updating Task 58 | Creator=True, Assignee=True
2025-05-22 18:21:44,744 - update_task - INFO - is_review_required set to True
2025-05-22 18:21:44,753 - update_task - INFO - Re-enabled review task 72
2025-05-22 18:21:44,759 - update_task - INFO - Task 58 updated successfully with changes: {'is_review_required': True}
2025-05-22 18:21:45,798 - update_task - INFO - POST /update_task called by user_id=7
2025-05-22 18:21:45,803 - update_task - INFO - User 7 is updating Task 58 | Creator=True, Assignee=True
2025-05-22 18:21:45,809 - update_task - INFO - Review task 72 marked as deleted
2025-05-22 18:21:45,811 - update_task - INFO - Task 58 updated successfully with changes: {'is_review_required': False}
2025-05-22 18:21:46,620 - update_task - INFO - POST /update_task called by user_id=7
2025-05-22 18:21:46,631 - update_task - INFO - User 7 is updating Task 58 | Creator=True, Assignee=True
2025-05-22 18:21:46,632 - update_task - INFO - is_review_required set to True
2025-05-22 18:21:46,638 - update_task - INFO - Re-enabled review task 72
2025-05-22 18:21:46,641 - update_task - INFO - Task 58 updated successfully with changes: {'is_review_required': True}
